<?xml version="1.0"?>
<link_info>
   <banner>TMS320C55x Linker PC v4.4.1</banner>
   <copyright>Copyright (c) 1996-2012 Texas Instruments Incorporated</copyright>
   <link_time>0x5e25a67b</link_time>
   <output_file>VZV1-M4.out</output_file>
   <entry_point>
      <name>reset_isr</name>
      <address>0x23e6e</address>
   </entry_point>
   <input_file_list>
      <input_file id="fl-2">
         <path>.\</path>
         <kind>object</kind>
         <file>aic_test_i2c.obj</file>
         <name>aic_test_i2c.obj</name>
      </input_file>
      <input_file id="fl-3">
         <path>.\</path>
         <kind>object</kind>
         <file>cbrev.obj</file>
         <name>cbrev.obj</name>
      </input_file>
      <input_file id="fl-4">
         <path>.\</path>
         <kind>object</kind>
         <file>cfft_scale.obj</file>
         <name>cfft_scale.obj</name>
      </input_file>
      <input_file id="fl-5">
         <path>.\</path>
         <kind>object</kind>
         <file>dma_bypass1.obj</file>
         <name>dma_bypass1.obj</name>
      </input_file>
      <input_file id="fl-6">
         <path>.\</path>
         <kind>object</kind>
         <file>evm5515.obj</file>
         <name>evm5515.obj</name>
      </input_file>
      <input_file id="fl-7">
         <path>.\</path>
         <kind>object</kind>
         <file>evm5515_gpio.obj</file>
         <name>evm5515_gpio.obj</name>
      </input_file>
      <input_file id="fl-8">
         <path>.\</path>
         <kind>object</kind>
         <file>fir.obj</file>
         <name>fir.obj</name>
      </input_file>
      <input_file id="fl-9">
         <path>.\</path>
         <kind>object</kind>
         <file>i2s_bypass1.obj</file>
         <name>i2s_bypass1.obj</name>
      </input_file>
      <input_file id="fl-a">
         <path>.\</path>
         <kind>object</kind>
         <file>i2s_register.obj</file>
         <name>i2s_register.obj</name>
      </input_file>
      <input_file id="fl-b">
         <path>.\</path>
         <kind>object</kind>
         <file>iir.obj</file>
         <name>iir.obj</name>
      </input_file>
      <input_file id="fl-c">
         <path>.\</path>
         <kind>object</kind>
         <file>iircas32.obj</file>
         <name>iircas32.obj</name>
      </input_file>
      <input_file id="fl-d">
         <path>.\</path>
         <kind>object</kind>
         <file>iircas5.obj</file>
         <name>iircas5.obj</name>
      </input_file>
      <input_file id="fl-e">
         <path>.\</path>
         <kind>object</kind>
         <file>led_test.obj</file>
         <name>led_test.obj</name>
      </input_file>
      <input_file id="fl-f">
         <path>.\</path>
         <kind>object</kind>
         <file>main.obj</file>
         <name>main.obj</name>
      </input_file>
      <input_file id="fl-10">
         <path>.\</path>
         <kind>object</kind>
         <file>maxval.obj</file>
         <name>maxval.obj</name>
      </input_file>
      <input_file id="fl-11">
         <path>.\</path>
         <kind>object</kind>
         <file>maxvec.obj</file>
         <name>maxvec.obj</name>
      </input_file>
      <input_file id="fl-12">
         <path>.\</path>
         <kind>object</kind>
         <file>mmcsd_evm.obj</file>
         <name>mmcsd_evm.obj</name>
      </input_file>
      <input_file id="fl-13">
         <path>.\</path>
         <kind>object</kind>
         <file>mmcsd_protocol.obj</file>
         <name>mmcsd_protocol.obj</name>
      </input_file>
      <input_file id="fl-14">
         <path>.\</path>
         <kind>object</kind>
         <file>nandflash_test.obj</file>
         <name>nandflash_test.obj</name>
      </input_file>
      <input_file id="fl-15">
         <path>.\</path>
         <kind>object</kind>
         <file>power.obj</file>
         <name>power.obj</name>
      </input_file>
      <input_file id="fl-16">
         <path>.\</path>
         <kind>object</kind>
         <file>ref_data_bypass1.obj</file>
         <name>ref_data_bypass1.obj</name>
      </input_file>
      <input_file id="fl-17">
         <path>.\</path>
         <kind>object</kind>
         <file>rtc.obj</file>
         <name>rtc.obj</name>
      </input_file>
      <input_file id="fl-18">
         <path>.\</path>
         <kind>object</kind>
         <file>sar.obj</file>
         <name>sar.obj</name>
      </input_file>
      <input_file id="fl-19">
         <path>.\</path>
         <kind>object</kind>
         <file>timer.obj</file>
         <name>timer.obj</name>
      </input_file>
      <input_file id="fl-1a">
         <path>.\</path>
         <kind>object</kind>
         <file>twiddle.obj</file>
         <name>twiddle.obj</name>
      </input_file>
      <input_file id="fl-1b">
         <path>.\</path>
         <kind>object</kind>
         <file>usbstk5515.obj</file>
         <name>usbstk5515.obj</name>
      </input_file>
      <input_file id="fl-1c">
         <path>.\</path>
         <kind>object</kind>
         <file>vector.obj</file>
         <name>vector.obj</name>
      </input_file>
      <input_file id="fl-21">
         <path>C:\ti\ccsv6\tools\compiler\c5500_4.4.1\lib\</path>
         <kind>archive</kind>
         <file>rts55h.lib</file>
         <name>addd.obj</name>
      </input_file>
      <input_file id="fl-22">
         <path>C:\ti\ccsv6\tools\compiler\c5500_4.4.1\lib\</path>
         <kind>archive</kind>
         <file>rts55h.lib</file>
         <name>boot.obj</name>
      </input_file>
      <input_file id="fl-23">
         <path>C:\ti\ccsv6\tools\compiler\c5500_4.4.1\lib\</path>
         <kind>archive</kind>
         <file>rts55h.lib</file>
         <name>cmpd.obj</name>
      </input_file>
      <input_file id="fl-24">
         <path>C:\ti\ccsv6\tools\compiler\c5500_4.4.1\lib\</path>
         <kind>archive</kind>
         <file>rts55h.lib</file>
         <name>divd.obj</name>
      </input_file>
      <input_file id="fl-25">
         <path>C:\ti\ccsv6\tools\compiler\c5500_4.4.1\lib\</path>
         <kind>archive</kind>
         <file>rts55h.lib</file>
         <name>divli.obj</name>
      </input_file>
      <input_file id="fl-26">
         <path>C:\ti\ccsv6\tools\compiler\c5500_4.4.1\lib\</path>
         <kind>archive</kind>
         <file>rts55h.lib</file>
         <name>divul.obj</name>
      </input_file>
      <input_file id="fl-27">
         <path>C:\ti\ccsv6\tools\compiler\c5500_4.4.1\lib\</path>
         <kind>archive</kind>
         <file>rts55h.lib</file>
         <name>exit.obj</name>
      </input_file>
      <input_file id="fl-28">
         <path>C:\ti\ccsv6\tools\compiler\c5500_4.4.1\lib\</path>
         <kind>archive</kind>
         <file>rts55h.lib</file>
         <name>fixdi.obj</name>
      </input_file>
      <input_file id="fl-29">
         <path>C:\ti\ccsv6\tools\compiler\c5500_4.4.1\lib\</path>
         <kind>archive</kind>
         <file>rts55h.lib</file>
         <name>fixdli.obj</name>
      </input_file>
      <input_file id="fl-2a">
         <path>C:\ti\ccsv6\tools\compiler\c5500_4.4.1\lib\</path>
         <kind>archive</kind>
         <file>rts55h.lib</file>
         <name>fixdu.obj</name>
      </input_file>
      <input_file id="fl-2b">
         <path>C:\ti\ccsv6\tools\compiler\c5500_4.4.1\lib\</path>
         <kind>archive</kind>
         <file>rts55h.lib</file>
         <name>fixdul.obj</name>
      </input_file>
      <input_file id="fl-2c">
         <path>C:\ti\ccsv6\tools\compiler\c5500_4.4.1\lib\</path>
         <kind>archive</kind>
         <file>rts55h.lib</file>
         <name>fltid.obj</name>
      </input_file>
      <input_file id="fl-2d">
         <path>C:\ti\ccsv6\tools\compiler\c5500_4.4.1\lib\</path>
         <kind>archive</kind>
         <file>rts55h.lib</file>
         <name>fltlid.obj</name>
      </input_file>
      <input_file id="fl-2e">
         <path>C:\ti\ccsv6\tools\compiler\c5500_4.4.1\lib\</path>
         <kind>archive</kind>
         <file>rts55h.lib</file>
         <name>fltud.obj</name>
      </input_file>
      <input_file id="fl-2f">
         <path>C:\ti\ccsv6\tools\compiler\c5500_4.4.1\lib\</path>
         <kind>archive</kind>
         <file>rts55h.lib</file>
         <name>fltuld.obj</name>
      </input_file>
      <input_file id="fl-30">
         <path>C:\ti\ccsv6\tools\compiler\c5500_4.4.1\lib\</path>
         <kind>archive</kind>
         <file>rts55h.lib</file>
         <name>frcmpyd_div.obj</name>
      </input_file>
      <input_file id="fl-31">
         <path>C:\ti\ccsv6\tools\compiler\c5500_4.4.1\lib\</path>
         <kind>archive</kind>
         <file>rts55h.lib</file>
         <name>idiv.obj</name>
      </input_file>
      <input_file id="fl-32">
         <path>C:\ti\ccsv6\tools\compiler\c5500_4.4.1\lib\</path>
         <kind>archive</kind>
         <file>rts55h.lib</file>
         <name>lmpy.obj</name>
      </input_file>
      <input_file id="fl-33">
         <path>C:\ti\ccsv6\tools\compiler\c5500_4.4.1\lib\</path>
         <kind>archive</kind>
         <file>rts55h.lib</file>
         <name>mpyd.obj</name>
      </input_file>
      <input_file id="fl-34">
         <path>C:\ti\ccsv6\tools\compiler\c5500_4.4.1\lib\</path>
         <kind>archive</kind>
         <file>rts55h.lib</file>
         <name>negd.obj</name>
      </input_file>
      <input_file id="fl-35">
         <path>C:\ti\ccsv6\tools\compiler\c5500_4.4.1\lib\</path>
         <kind>archive</kind>
         <file>rts55h.lib</file>
         <name>pow.obj</name>
      </input_file>
      <input_file id="fl-36">
         <path>C:\ti\ccsv6\tools\compiler\c5500_4.4.1\lib\</path>
         <kind>archive</kind>
         <file>rts55h.lib</file>
         <name>printf.obj</name>
      </input_file>
      <input_file id="fl-37">
         <path>C:\ti\ccsv6\tools\compiler\c5500_4.4.1\lib\</path>
         <kind>archive</kind>
         <file>rts55h.lib</file>
         <name>remli.obj</name>
      </input_file>
      <input_file id="fl-38">
         <path>C:\ti\ccsv6\tools\compiler\c5500_4.4.1\lib\</path>
         <kind>archive</kind>
         <file>rts55h.lib</file>
         <name>remul.obj</name>
      </input_file>
      <input_file id="fl-39">
         <path>C:\ti\ccsv6\tools\compiler\c5500_4.4.1\lib\</path>
         <kind>archive</kind>
         <file>rts55h.lib</file>
         <name>round.obj</name>
      </input_file>
      <input_file id="fl-3a">
         <path>C:\ti\ccsv6\tools\compiler\c5500_4.4.1\lib\</path>
         <kind>archive</kind>
         <file>rts55h.lib</file>
         <name>sqrt.obj</name>
      </input_file>
      <input_file id="fl-3b">
         <path>C:\ti\ccsv6\tools\compiler\c5500_4.4.1\lib\</path>
         <kind>archive</kind>
         <file>rts55h.lib</file>
         <name>strlen.obj</name>
      </input_file>
      <input_file id="fl-3c">
         <path>C:\ti\ccsv6\tools\compiler\c5500_4.4.1\lib\</path>
         <kind>archive</kind>
         <file>rts55h.lib</file>
         <name>subd.obj</name>
      </input_file>
      <input_file id="fl-3d">
         <path>C:\ti\ccsv6\tools\compiler\c5500_4.4.1\lib\</path>
         <kind>archive</kind>
         <file>rts55h.lib</file>
         <name>trunc.obj</name>
      </input_file>
      <input_file id="fl-3e">
         <path>C:\ti\ccsv6\tools\compiler\c5500_4.4.1\lib\</path>
         <kind>archive</kind>
         <file>rts55h.lib</file>
         <name>udiv.obj</name>
      </input_file>
      <input_file id="fl-3f">
         <path>C:\ti\ccsv6\tools\compiler\c5500_4.4.1\lib\</path>
         <kind>archive</kind>
         <file>rts55h.lib</file>
         <name>vectors.obj</name>
      </input_file>
      <input_file id="fl-40">
         <path>C:\ti\ccsv6\tools\compiler\c5500_4.4.1\lib\</path>
         <kind>archive</kind>
         <file>rts55h.lib</file>
         <name>_lock.obj</name>
      </input_file>
      <input_file id="fl-41">
         <path>C:\ti\ccsv6\tools\compiler\c5500_4.4.1\lib\</path>
         <kind>archive</kind>
         <file>rts55h.lib</file>
         <name>_printfi.obj</name>
      </input_file>
      <input_file id="fl-42">
         <path>C:\ti\ccsv6\tools\compiler\c5500_4.4.1\lib\</path>
         <kind>archive</kind>
         <file>rts55h.lib</file>
         <name>args_main.obj</name>
      </input_file>
      <input_file id="fl-43">
         <path>C:\ti\ccsv6\tools\compiler\c5500_4.4.1\lib\</path>
         <kind>archive</kind>
         <file>rts55h.lib</file>
         <name>atoi.obj</name>
      </input_file>
      <input_file id="fl-44">
         <path>C:\ti\ccsv6\tools\compiler\c5500_4.4.1\lib\</path>
         <kind>archive</kind>
         <file>rts55h.lib</file>
         <name>autoinit.obj</name>
      </input_file>
      <input_file id="fl-45">
         <path>C:\ti\ccsv6\tools\compiler\c5500_4.4.1\lib\</path>
         <kind>archive</kind>
         <file>rts55h.lib</file>
         <name>ctype.obj</name>
      </input_file>
      <input_file id="fl-46">
         <path>C:\ti\ccsv6\tools\compiler\c5500_4.4.1\lib\</path>
         <kind>archive</kind>
         <file>rts55h.lib</file>
         <name>defs.obj</name>
      </input_file>
      <input_file id="fl-47">
         <path>C:\ti\ccsv6\tools\compiler\c5500_4.4.1\lib\</path>
         <kind>archive</kind>
         <file>rts55h.lib</file>
         <name>errno.obj</name>
      </input_file>
      <input_file id="fl-48">
         <path>C:\ti\ccsv6\tools\compiler\c5500_4.4.1\lib\</path>
         <kind>archive</kind>
         <file>rts55h.lib</file>
         <name>fputc.obj</name>
      </input_file>
      <input_file id="fl-49">
         <path>C:\ti\ccsv6\tools\compiler\c5500_4.4.1\lib\</path>
         <kind>archive</kind>
         <file>rts55h.lib</file>
         <name>fputs.obj</name>
      </input_file>
      <input_file id="fl-4a">
         <path>C:\ti\ccsv6\tools\compiler\c5500_4.4.1\lib\</path>
         <kind>archive</kind>
         <file>rts55h.lib</file>
         <name>frcmpyd.obj</name>
      </input_file>
      <input_file id="fl-4b">
         <path>C:\ti\ccsv6\tools\compiler\c5500_4.4.1\lib\</path>
         <kind>archive</kind>
         <file>rts55h.lib</file>
         <name>frexp.obj</name>
      </input_file>
      <input_file id="fl-4c">
         <path>C:\ti\ccsv6\tools\compiler\c5500_4.4.1\lib\</path>
         <kind>archive</kind>
         <file>rts55h.lib</file>
         <name>isinf.obj</name>
      </input_file>
      <input_file id="fl-4d">
         <path>C:\ti\ccsv6\tools\compiler\c5500_4.4.1\lib\</path>
         <kind>archive</kind>
         <file>rts55h.lib</file>
         <name>ldexp.obj</name>
      </input_file>
      <input_file id="fl-4e">
         <path>C:\ti\ccsv6\tools\compiler\c5500_4.4.1\lib\</path>
         <kind>archive</kind>
         <file>rts55h.lib</file>
         <name>llmpy.obj</name>
      </input_file>
      <input_file id="fl-4f">
         <path>C:\ti\ccsv6\tools\compiler\c5500_4.4.1\lib\</path>
         <kind>archive</kind>
         <file>rts55h.lib</file>
         <name>lowlev.obj</name>
      </input_file>
      <input_file id="fl-50">
         <path>C:\ti\ccsv6\tools\compiler\c5500_4.4.1\lib\</path>
         <kind>archive</kind>
         <file>rts55h.lib</file>
         <name>ltoa.obj</name>
      </input_file>
      <input_file id="fl-51">
         <path>C:\ti\ccsv6\tools\compiler\c5500_4.4.1\lib\</path>
         <kind>archive</kind>
         <file>rts55h.lib</file>
         <name>memccpy.obj</name>
      </input_file>
      <input_file id="fl-52">
         <path>C:\ti\ccsv6\tools\compiler\c5500_4.4.1\lib\</path>
         <kind>archive</kind>
         <file>rts55h.lib</file>
         <name>memcpy.obj</name>
      </input_file>
      <input_file id="fl-53">
         <path>C:\ti\ccsv6\tools\compiler\c5500_4.4.1\lib\</path>
         <kind>archive</kind>
         <file>rts55h.lib</file>
         <name>modf.obj</name>
      </input_file>
      <input_file id="fl-54">
         <path>C:\ti\ccsv6\tools\compiler\c5500_4.4.1\lib\</path>
         <kind>archive</kind>
         <file>rts55h.lib</file>
         <name>trgdrv.obj</name>
      </input_file>
      <input_file id="fl-55">
         <path>C:\ti\ccsv6\tools\compiler\c5500_4.4.1\lib\</path>
         <kind>archive</kind>
         <file>rts55h.lib</file>
         <name>trgmsg.obj</name>
      </input_file>
      <input_file id="fl-56">
         <path>C:\ti\ccsv6\tools\compiler\c5500_4.4.1\lib\</path>
         <kind>archive</kind>
         <file>rts55h.lib</file>
         <name>_io_perm.obj</name>
      </input_file>
      <input_file id="fl-57">
         <path>C:\ti\ccsv6\tools\compiler\c5500_4.4.1\lib\</path>
         <kind>archive</kind>
         <file>rts55h.lib</file>
         <name>fflush.obj</name>
      </input_file>
      <input_file id="fl-58">
         <path>C:\ti\ccsv6\tools\compiler\c5500_4.4.1\lib\</path>
         <kind>archive</kind>
         <file>rts55h.lib</file>
         <name>fseek.obj</name>
      </input_file>
      <input_file id="fl-59">
         <path>C:\ti\ccsv6\tools\compiler\c5500_4.4.1\lib\</path>
         <kind>archive</kind>
         <file>rts55h.lib</file>
         <name>setvbuf.obj</name>
      </input_file>
      <input_file id="fl-5a">
         <path>C:\ti\ccsv6\tools\compiler\c5500_4.4.1\lib\</path>
         <kind>archive</kind>
         <file>rts55h.lib</file>
         <name>fopen.obj</name>
      </input_file>
      <input_file id="fl-5b">
         <path>C:\ti\ccsv6\tools\compiler\c5500_4.4.1\lib\</path>
         <kind>archive</kind>
         <file>rts55h.lib</file>
         <name>memory.obj</name>
      </input_file>
      <input_file id="fl-5c">
         <path>C:\ti\ccsv6\tools\compiler\c5500_4.4.1\lib\</path>
         <kind>archive</kind>
         <file>rts55h.lib</file>
         <name>fclose.obj</name>
      </input_file>
      <input_file id="fl-5d">
         <path>C:\ti\ccsv6\tools\compiler\c5500_4.4.1\lib\</path>
         <kind>archive</kind>
         <file>rts55h.lib</file>
         <name>remove.obj</name>
      </input_file>
   </input_file_list>
   <object_component_list>
      <object_component id="oc-11f">
         <name>vectors</name>
         <load_address>0xf980</load_address>
         <run_address>0xf980</run_address>
         <size>0x100</size>
         <input_file_ref idref="fl-3f"/>
      </object_component>
      <object_component id="oc-1e">
         <name>.bss</name>
         <uninitialized>true</uninitialized>
         <run_address>0x9f80</run_address>
         <size>0x8</size>
         <input_file_ref idref="fl-4"/>
      </object_component>
      <object_component id="oc-23">
         <name>.bss</name>
         <uninitialized>true</uninitialized>
         <run_address>0x9f1c</run_address>
         <size>0x2c</size>
         <input_file_ref idref="fl-5"/>
      </object_component>
      <object_component id="oc-39">
         <name>.bss</name>
         <uninitialized>true</uninitialized>
         <run_address>0x9d92</run_address>
         <size>0x2</size>
         <input_file_ref idref="fl-9"/>
      </object_component>
      <object_component id="oc-54">
         <name>.bss</name>
         <uninitialized>true</uninitialized>
         <run_address>0xc0</run_address>
         <size>0x7380</size>
         <input_file_ref idref="fl-f"/>
      </object_component>
      <object_component id="oc-6e">
         <name>.bss</name>
         <uninitialized>true</uninitialized>
         <run_address>0x9eec</run_address>
         <size>0x2e</size>
         <input_file_ref idref="fl-13"/>
      </object_component>
      <object_component id="oc-79">
         <name>.bss</name>
         <uninitialized>true</uninitialized>
         <run_address>0x7440</run_address>
         <size>0x2580</size>
         <input_file_ref idref="fl-16"/>
      </object_component>
      <object_component id="oc-7d">
         <name>.bss</name>
         <uninitialized>true</uninitialized>
         <run_address>0x9f48</run_address>
         <size>0x28</size>
         <input_file_ref idref="fl-17"/>
      </object_component>
      <object_component id="oc-84">
         <name>.bss</name>
         <uninitialized>true</uninitialized>
         <run_address>0x9f98</run_address>
         <size>0x6</size>
         <input_file_ref idref="fl-18"/>
      </object_component>
      <object_component id="oc-b4">
         <name>.bss</name>
         <uninitialized>true</uninitialized>
         <run_address>0x9f90</run_address>
         <size>0x8</size>
         <input_file_ref idref="fl-27"/>
      </object_component>
      <object_component id="oc-f1">
         <name>.bss</name>
         <uninitialized>true</uninitialized>
         <run_address>0x9e78</run_address>
         <size>0x74</size>
         <input_file_ref idref="fl-35"/>
      </object_component>
      <object_component id="oc-124">
         <name>.bss</name>
         <uninitialized>true</uninitialized>
         <run_address>0x9f88</run_address>
         <size>0x8</size>
         <input_file_ref idref="fl-40"/>
      </object_component>
      <object_component id="oc-13d">
         <name>.bss</name>
         <uninitialized>true</uninitialized>
         <run_address>0x99c0</run_address>
         <size>0x232</size>
         <input_file_ref idref="fl-46"/>
      </object_component>
      <object_component id="oc-141">
         <name>.bss</name>
         <uninitialized>true</uninitialized>
         <run_address>0x9e76</run_address>
         <size>0x2</size>
         <input_file_ref idref="fl-47"/>
      </object_component>
      <object_component id="oc-165">
         <name>.bss</name>
         <uninitialized>true</uninitialized>
         <run_address>0x9d94</run_address>
         <size>0xe2</size>
         <input_file_ref idref="fl-4f"/>
      </object_component>
      <object_component id="oc-17c">
         <name>.bss</name>
         <uninitialized>true</uninitialized>
         <run_address>0x9bf2</run_address>
         <size>0x1a0</size>
         <input_file_ref idref="fl-54"/>
      </object_component>
      <object_component id="oc-197">
         <name>.bss</name>
         <uninitialized>true</uninitialized>
         <run_address>0x9f1a</run_address>
         <size>0x2</size>
         <input_file_ref idref="fl-5a"/>
      </object_component>
      <object_component id="oc-19d">
         <name>.bss</name>
         <uninitialized>true</uninitialized>
         <run_address>0x9f70</run_address>
         <size>0xe</size>
         <input_file_ref idref="fl-5b"/>
      </object_component>
      <object_component id="oc-96">
         <name>vector</name>
         <load_address>0xd300</load_address>
         <run_address>0xd300</run_address>
         <size>0x100</size>
         <input_file_ref idref="fl-1c"/>
      </object_component>
      <object_component id="oc-9f">
         <name>.stack</name>
         <uninitialized>true</uninitialized>
         <run_address>0xc898</run_address>
         <size>0x0</size>
         <input_file_ref idref="fl-22"/>
      </object_component>
      <object_component id="oc-1d8">
         <name>.stack</name>
         <uninitialized>true</uninitialized>
         <run_address>0xc898</run_address>
         <size>0x0</size>
      </object_component>
      <object_component id="oc-1b4">
         <name>.sysstack</name>
         <uninitialized>true</uninitialized>
         <run_address>0xcc80</run_address>
         <size>0x0</size>
         <input_file_ref idref="fl-22"/>
      </object_component>
      <object_component id="oc-1da">
         <name>.sysstack</name>
         <uninitialized>true</uninitialized>
         <run_address>0xcc80</run_address>
         <size>0x0</size>
      </object_component>
      <object_component id="oc-1a0">
         <name>.sysmem</name>
         <uninitialized>true</uninitialized>
         <run_address>0xc496</run_address>
         <size>0x0</size>
         <input_file_ref idref="fl-5b"/>
      </object_component>
      <object_component id="oc-1d9">
         <name>.sysmem</name>
         <uninitialized>true</uninitialized>
         <run_address>0xc496</run_address>
         <size>0x0</size>
      </object_component>
      <object_component id="oc-53">
         <name>.text</name>
         <load_address>0x10000</load_address>
         <run_address>0x10000</run_address>
         <size>0xba9f</size>
         <input_file_ref idref="fl-f"/>
      </object_component>
      <object_component id="oc-5a">
         <name>.text:retain</name>
         <load_address>0x1ba9f</load_address>
         <run_address>0x1ba9f</run_address>
         <size>0x1af6</size>
         <input_file_ref idref="fl-f"/>
      </object_component>
      <object_component id="oc-129">
         <name>.text</name>
         <load_address>0x1d595</load_address>
         <run_address>0x1d595</run_address>
         <size>0x1533</size>
         <input_file_ref idref="fl-41"/>
      </object_component>
      <object_component id="oc-6d">
         <name>.text</name>
         <load_address>0x1eac8</load_address>
         <run_address>0x1eac8</run_address>
         <size>0x5d2</size>
         <input_file_ref idref="fl-13"/>
      </object_component>
      <object_component id="oc-f0">
         <name>.text</name>
         <load_address>0x1f09a</load_address>
         <run_address>0x1f09a</run_address>
         <size>0x5a3</size>
         <input_file_ref idref="fl-35"/>
      </object_component>
      <object_component id="oc-17b">
         <name>.text</name>
         <load_address>0x1f63d</load_address>
         <run_address>0x1f63d</run_address>
         <size>0x538</size>
         <input_file_ref idref="fl-54"/>
      </object_component>
      <object_component id="oc-19c">
         <name>.text</name>
         <load_address>0x1fb75</load_address>
         <run_address>0x1fb75</run_address>
         <size>0x533</size>
         <input_file_ref idref="fl-5b"/>
      </object_component>
      <object_component id="oc-68">
         <name>.text</name>
         <load_address>0x200a8</load_address>
         <run_address>0x200a8</run_address>
         <size>0x527</size>
         <input_file_ref idref="fl-12"/>
      </object_component>
      <object_component id="oc-164">
         <name>.text</name>
         <load_address>0x205cf</load_address>
         <run_address>0x205cf</run_address>
         <size>0x518</size>
         <input_file_ref idref="fl-4f"/>
      </object_component>
      <object_component id="oc-a7">
         <name>.text</name>
         <load_address>0x20ae7</load_address>
         <run_address>0x20ae7</run_address>
         <size>0x3c7</size>
         <input_file_ref idref="fl-24"/>
      </object_component>
      <object_component id="oc-3f">
         <name>.text</name>
         <load_address>0x20eae</load_address>
         <run_address>0x20eae</run_address>
         <size>0x298</size>
         <input_file_ref idref="fl-a"/>
      </object_component>
      <object_component id="oc-15">
         <name>.text</name>
         <load_address>0x21146</load_address>
         <run_address>0x21146</run_address>
         <size>0x285</size>
         <input_file_ref idref="fl-2"/>
      </object_component>
      <object_component id="oc-196">
         <name>.text</name>
         <load_address>0x213cb</load_address>
         <run_address>0x213cb</run_address>
         <size>0x26c</size>
         <input_file_ref idref="fl-5a"/>
      </object_component>
      <object_component id="oc-160">
         <name>.text</name>
         <load_address>0x21637</load_address>
         <run_address>0x21637</run_address>
         <size>0x25c</size>
         <input_file_ref idref="fl-4e"/>
      </object_component>
      <object_component id="oc-9a">
         <name>.text</name>
         <load_address>0x21893</load_address>
         <run_address>0x21893</run_address>
         <size>0x257</size>
         <input_file_ref idref="fl-21"/>
      </object_component>
      <object_component id="oc-43">
         <name>.text</name>
         <load_address>0x21aea</load_address>
         <run_address>0x21aea</run_address>
         <size>0x1fe</size>
         <input_file_ref idref="fl-b"/>
      </object_component>
      <object_component id="oc-1d">
         <name>.text</name>
         <load_address>0x21ce8</load_address>
         <run_address>0x21ce8</run_address>
         <size>0x1ee</size>
         <input_file_ref idref="fl-4"/>
      </object_component>
      <object_component id="oc-a3">
         <name>.text</name>
         <load_address>0x21ed6</load_address>
         <run_address>0x21ed6</run_address>
         <size>0x1ea</size>
         <input_file_ref idref="fl-23"/>
      </object_component>
      <object_component id="oc-26">
         <name>.text:retain</name>
         <load_address>0x220c0</load_address>
         <run_address>0x220c0</run_address>
         <size>0x1be</size>
         <input_file_ref idref="fl-5"/>
      </object_component>
      <object_component id="oc-149">
         <name>.text</name>
         <load_address>0x2227e</load_address>
         <run_address>0x2227e</run_address>
         <size>0x17b</size>
         <input_file_ref idref="fl-49"/>
      </object_component>
      <object_component id="oc-2f">
         <name>.text</name>
         <load_address>0x223f9</load_address>
         <run_address>0x223f9</run_address>
         <size>0x164</size>
         <input_file_ref idref="fl-7"/>
      </object_component>
      <object_component id="oc-e8">
         <name>.text</name>
         <load_address>0x2255d</load_address>
         <run_address>0x2255d</run_address>
         <size>0x14b</size>
         <input_file_ref idref="fl-33"/>
      </object_component>
      <object_component id="oc-22">
         <name>.text</name>
         <load_address>0x226a8</load_address>
         <run_address>0x226a8</run_address>
         <size>0x145</size>
         <input_file_ref idref="fl-5"/>
      </object_component>
      <object_component id="oc-83">
         <name>.text</name>
         <load_address>0x227ed</load_address>
         <run_address>0x227ed</run_address>
         <size>0x124</size>
         <input_file_ref idref="fl-18"/>
      </object_component>
      <object_component id="oc-108">
         <name>.text</name>
         <load_address>0x22911</load_address>
         <run_address>0x22911</run_address>
         <size>0x117</size>
         <input_file_ref idref="fl-3a"/>
      </object_component>
      <object_component id="oc-8c">
         <name>.text:retain</name>
         <load_address>0x22a28</load_address>
         <run_address>0x22a28</run_address>
         <size>0x115</size>
         <input_file_ref idref="fl-19"/>
      </object_component>
      <object_component id="oc-192">
         <name>.text</name>
         <load_address>0x22b3d</load_address>
         <run_address>0x22b3d</run_address>
         <size>0xf3</size>
         <input_file_ref idref="fl-59"/>
      </object_component>
      <object_component id="oc-15b">
         <name>.text</name>
         <load_address>0x22c30</load_address>
         <run_address>0x22c30</run_address>
         <size>0xee</size>
         <input_file_ref idref="fl-4d"/>
      </object_component>
      <object_component id="oc-49">
         <name>.text</name>
         <load_address>0x22d1e</load_address>
         <run_address>0x22d1e</run_address>
         <size>0xe0</size>
         <input_file_ref idref="fl-c"/>
      </object_component>
      <object_component id="oc-19">
         <name>.text:cbrev</name>
         <load_address>0x22dfe</load_address>
         <run_address>0x22dfe</run_address>
         <size>0xde</size>
         <input_file_ref idref="fl-3"/>
      </object_component>
      <object_component id="oc-186">
         <name>.text</name>
         <load_address>0x22edc</load_address>
         <run_address>0x22edc</run_address>
         <size>0xda</size>
         <input_file_ref idref="fl-56"/>
      </object_component>
      <object_component id="oc-152">
         <name>.text</name>
         <load_address>0x22fb6</load_address>
         <run_address>0x22fb6</run_address>
         <size>0xcb</size>
         <input_file_ref idref="fl-4b"/>
      </object_component>
      <object_component id="oc-183">
         <name>.text:CIO_breakpoint</name>
         <load_address>0x23081</load_address>
         <run_address>0x23081</run_address>
         <size>0xbe</size>
         <input_file_ref idref="fl-55"/>
      </object_component>
      <object_component id="oc-176">
         <name>.text</name>
         <load_address>0x2313f</load_address>
         <run_address>0x2313f</run_address>
         <size>0xbd</size>
         <input_file_ref idref="fl-53"/>
      </object_component>
      <object_component id="oc-18a">
         <name>.text</name>
         <load_address>0x231fc</load_address>
         <run_address>0x231fc</run_address>
         <size>0xba</size>
         <input_file_ref idref="fl-57"/>
      </object_component>
      <object_component id="oc-7c">
         <name>.text</name>
         <load_address>0x232b6</load_address>
         <run_address>0x232b6</run_address>
         <size>0xaa</size>
         <input_file_ref idref="fl-17"/>
      </object_component>
      <object_component id="oc-145">
         <name>.text</name>
         <load_address>0x23360</load_address>
         <run_address>0x23360</run_address>
         <size>0xa2</size>
         <input_file_ref idref="fl-48"/>
      </object_component>
      <object_component id="oc-af">
         <name>.text</name>
         <load_address>0x23402</load_address>
         <run_address>0x23402</run_address>
         <size>0xa0</size>
         <input_file_ref idref="fl-26"/>
      </object_component>
      <object_component id="oc-4d">
         <name>.text</name>
         <load_address>0x234a2</load_address>
         <run_address>0x234a2</run_address>
         <size>0x8c</size>
         <input_file_ref idref="fl-d"/>
      </object_component>
      <object_component id="oc-16a">
         <name>.text</name>
         <load_address>0x2352e</load_address>
         <run_address>0x2352e</run_address>
         <size>0x79</size>
         <input_file_ref idref="fl-50"/>
      </object_component>
      <object_component id="oc-1a3">
         <name>.text</name>
         <load_address>0x235a7</load_address>
         <run_address>0x235a7</run_address>
         <size>0x76</size>
         <input_file_ref idref="fl-5c"/>
      </object_component>
      <object_component id="oc-c6">
         <name>.text</name>
         <load_address>0x2361d</load_address>
         <run_address>0x2361d</run_address>
         <size>0x76</size>
         <input_file_ref idref="fl-2b"/>
      </object_component>
      <object_component id="oc-14e">
         <name>.text</name>
         <load_address>0x23693</load_address>
         <run_address>0x23693</run_address>
         <size>0x76</size>
         <input_file_ref idref="fl-4a"/>
      </object_component>
      <object_component id="oc-dc">
         <name>.text</name>
         <load_address>0x23709</load_address>
         <run_address>0x23709</run_address>
         <size>0x73</size>
         <input_file_ref idref="fl-30"/>
      </object_component>
      <object_component id="oc-ff">
         <name>.text</name>
         <load_address>0x2377c</load_address>
         <run_address>0x2377c</run_address>
         <size>0x70</size>
         <input_file_ref idref="fl-38"/>
      </object_component>
      <object_component id="oc-be">
         <name>.text</name>
         <load_address>0x237ec</load_address>
         <run_address>0x237ec</run_address>
         <size>0x6e</size>
         <input_file_ref idref="fl-29"/>
      </object_component>
      <object_component id="oc-34">
         <name>.text</name>
         <load_address>0x2385a</load_address>
         <run_address>0x2385a</run_address>
         <size>0x6b</size>
         <input_file_ref idref="fl-8"/>
      </object_component>
      <object_component id="oc-180">
         <name>.text</name>
         <load_address>0x238c5</load_address>
         <run_address>0x238c5</run_address>
         <size>0x6b</size>
         <input_file_ref idref="fl-55"/>
      </object_component>
      <object_component id="oc-18e">
         <name>.text</name>
         <load_address>0x23930</load_address>
         <run_address>0x23930</run_address>
         <size>0x68</size>
         <input_file_ref idref="fl-58"/>
      </object_component>
      <object_component id="oc-ce">
         <name>.text</name>
         <load_address>0x23998</load_address>
         <run_address>0x23998</run_address>
         <size>0x67</size>
         <input_file_ref idref="fl-2d"/>
      </object_component>
      <object_component id="oc-103">
         <name>.text</name>
         <load_address>0x239ff</load_address>
         <run_address>0x239ff</run_address>
         <size>0x60</size>
         <input_file_ref idref="fl-39"/>
      </object_component>
      <object_component id="oc-d7">
         <name>.text</name>
         <load_address>0x23a5f</load_address>
         <run_address>0x23a5f</run_address>
         <size>0x5b</size>
         <input_file_ref idref="fl-2f"/>
      </object_component>
      <object_component id="oc-133">
         <name>.text</name>
         <load_address>0x23aba</load_address>
         <run_address>0x23aba</run_address>
         <size>0x59</size>
         <input_file_ref idref="fl-43"/>
      </object_component>
      <object_component id="oc-172">
         <name>.text</name>
         <load_address>0x23b13</load_address>
         <run_address>0x23b13</run_address>
         <size>0x56</size>
         <input_file_ref idref="fl-52"/>
      </object_component>
      <object_component id="oc-2a">
         <name>.text</name>
         <load_address>0x23b69</load_address>
         <run_address>0x23b69</run_address>
         <size>0x54</size>
         <input_file_ref idref="fl-6"/>
      </object_component>
      <object_component id="oc-91">
         <name>.text</name>
         <load_address>0x23bbd</load_address>
         <run_address>0x23bbd</run_address>
         <size>0x54</size>
         <input_file_ref idref="fl-1b"/>
      </object_component>
      <object_component id="oc-38">
         <name>.text</name>
         <load_address>0x23c11</load_address>
         <run_address>0x23c11</run_address>
         <size>0x53</size>
         <input_file_ref idref="fl-9"/>
      </object_component>
      <object_component id="oc-75">
         <name>.text</name>
         <load_address>0x23c64</load_address>
         <run_address>0x23c64</run_address>
         <size>0x50</size>
         <input_file_ref idref="fl-15"/>
      </object_component>
      <object_component id="oc-f7">
         <name>.text</name>
         <load_address>0x23cb4</load_address>
         <run_address>0x23cb4</run_address>
         <size>0x4e</size>
         <input_file_ref idref="fl-36"/>
      </object_component>
      <object_component id="oc-137">
         <name>.text</name>
         <load_address>0x23d02</load_address>
         <run_address>0x23d02</run_address>
         <size>0x4d</size>
         <input_file_ref idref="fl-44"/>
      </object_component>
      <object_component id="oc-fb">
         <name>.text</name>
         <load_address>0x23d4f</load_address>
         <run_address>0x23d4f</run_address>
         <size>0x4b</size>
         <input_file_ref idref="fl-37"/>
      </object_component>
      <object_component id="oc-12f">
         <name>.text</name>
         <load_address>0x23d9a</load_address>
         <run_address>0x23d9a</run_address>
         <size>0x49</size>
         <input_file_ref idref="fl-42"/>
      </object_component>
      <object_component id="oc-ab">
         <name>.text</name>
         <load_address>0x23de3</load_address>
         <run_address>0x23de3</run_address>
         <size>0x48</size>
         <input_file_ref idref="fl-25"/>
      </object_component>
      <object_component id="oc-115">
         <name>.text</name>
         <load_address>0x23e2b</load_address>
         <run_address>0x23e2b</run_address>
         <size>0x42</size>
         <input_file_ref idref="fl-3d"/>
      </object_component>
      <object_component id="oc-14">
         <name>.text</name>
         <load_address>0x23e6e</load_address>
         <run_address>0x23e6e</run_address>
         <size>0x42</size>
         <input_file_ref idref="fl-1c"/>
      </object_component>
      <object_component id="oc-b3">
         <name>.text</name>
         <load_address>0x23eb0</load_address>
         <run_address>0x23eb0</run_address>
         <size>0x3e</size>
         <input_file_ref idref="fl-27"/>
      </object_component>
      <object_component id="oc-e0">
         <name>.text</name>
         <load_address>0x23eee</load_address>
         <run_address>0x23eee</run_address>
         <size>0x3c</size>
         <input_file_ref idref="fl-31"/>
      </object_component>
      <object_component id="oc-9e">
         <name>.text</name>
         <load_address>0x23f2a</load_address>
         <run_address>0x23f2a</run_address>
         <size>0x34</size>
         <input_file_ref idref="fl-22"/>
      </object_component>
      <object_component id="oc-64">
         <name>.text</name>
         <load_address>0x23f5e</load_address>
         <run_address>0x23f5e</run_address>
         <size>0x32</size>
         <input_file_ref idref="fl-11"/>
      </object_component>
      <object_component id="oc-60">
         <name>.text</name>
         <load_address>0x23f90</load_address>
         <run_address>0x23f90</run_address>
         <size>0x30</size>
         <input_file_ref idref="fl-10"/>
      </object_component>
      <object_component id="oc-ba">
         <name>.text</name>
         <load_address>0x23fc0</load_address>
         <run_address>0x23fc0</run_address>
         <size>0x2a</size>
         <input_file_ref idref="fl-28"/>
      </object_component>
      <object_component id="oc-11a">
         <name>.text</name>
         <load_address>0x23fea</load_address>
         <run_address>0x23fea</run_address>
         <size>0x2a</size>
         <input_file_ref idref="fl-3e"/>
      </object_component>
      <object_component id="oc-8a">
         <name>.text</name>
         <load_address>0x24014</load_address>
         <run_address>0x24014</run_address>
         <size>0x2a</size>
         <input_file_ref idref="fl-19"/>
      </object_component>
      <object_component id="oc-16e">
         <name>.text</name>
         <load_address>0x2403e</load_address>
         <run_address>0x2403e</run_address>
         <size>0x22</size>
         <input_file_ref idref="fl-51"/>
      </object_component>
      <object_component id="oc-c2">
         <name>.text</name>
         <load_address>0x24060</load_address>
         <run_address>0x24060</run_address>
         <size>0x1b</size>
         <input_file_ref idref="fl-2a"/>
      </object_component>
      <object_component id="oc-157">
         <name>.text</name>
         <load_address>0x2407b</load_address>
         <run_address>0x2407b</run_address>
         <size>0x1a</size>
         <input_file_ref idref="fl-4c"/>
      </object_component>
      <object_component id="oc-10d">
         <name>.text</name>
         <load_address>0x24095</load_address>
         <run_address>0x24095</run_address>
         <size>0x15</size>
         <input_file_ref idref="fl-3b"/>
      </object_component>
      <object_component id="oc-111">
         <name>.text</name>
         <load_address>0x240aa</load_address>
         <run_address>0x240aa</run_address>
         <size>0x14</size>
         <input_file_ref idref="fl-3c"/>
      </object_component>
      <object_component id="oc-e4">
         <name>.text</name>
         <load_address>0x240be</load_address>
         <run_address>0x240be</run_address>
         <size>0x13</size>
         <input_file_ref idref="fl-32"/>
      </object_component>
      <object_component id="oc-123">
         <name>.text</name>
         <load_address>0x240d1</load_address>
         <run_address>0x240d1</run_address>
         <size>0x12</size>
         <input_file_ref idref="fl-40"/>
      </object_component>
      <object_component id="oc-ec">
         <name>.text</name>
         <load_address>0x240e3</load_address>
         <run_address>0x240e3</run_address>
         <size>0x10</size>
         <input_file_ref idref="fl-34"/>
      </object_component>
      <object_component id="oc-d3">
         <name>.text</name>
         <load_address>0x240f3</load_address>
         <run_address>0x240f3</run_address>
         <size>0xe</size>
         <input_file_ref idref="fl-2e"/>
      </object_component>
      <object_component id="oc-ca">
         <name>.text</name>
         <load_address>0x24101</load_address>
         <run_address>0x24101</run_address>
         <size>0xc</size>
         <input_file_ref idref="fl-2c"/>
      </object_component>
      <object_component id="oc-1a7">
         <name>.text</name>
         <load_address>0x2410d</load_address>
         <run_address>0x2410d</run_address>
         <size>0xa</size>
         <input_file_ref idref="fl-5d"/>
      </object_component>
      <object_component id="oc-b7">
         <name>.text:CIO_breakpoint</name>
         <load_address>0x24117</load_address>
         <run_address>0x24117</run_address>
         <size>0x7</size>
         <input_file_ref idref="fl-27"/>
      </object_component>
      <object_component id="oc-11e">
         <name>.text</name>
         <load_address>0x2411e</load_address>
         <run_address>0x2411e</run_address>
         <size>0x2</size>
         <input_file_ref idref="fl-3f"/>
      </object_component>
      <object_component id="oc-90">
         <name>.data:twiddle</name>
         <load_address>0x33ba0</load_address>
         <run_address>0x33ba0</run_address>
         <size>0x2000</size>
         <input_file_ref idref="fl-1a"/>
      </object_component>
      <object_component id="oc-56">
         <name>.cinit</name>
         <load_address>0x9f9e</load_address>
         <run_address>0x9f9e</run_address>
         <size>0x231c</size>
         <input_file_ref idref="fl-f"/>
      </object_component>
      <object_component id="oc-f3">
         <name>.cinit</name>
         <load_address>0xc2ba</load_address>
         <run_address>0xc2ba</run_address>
         <size>0x8c</size>
         <input_file_ref idref="fl-35"/>
      </object_component>
      <object_component id="oc-167">
         <name>.cinit</name>
         <load_address>0xc346</load_address>
         <run_address>0xc346</run_address>
         <size>0x5a</size>
         <input_file_ref idref="fl-4f"/>
      </object_component>
      <object_component id="oc-13f">
         <name>.cinit</name>
         <load_address>0xc3a0</load_address>
         <run_address>0xc3a0</run_address>
         <size>0x54</size>
         <input_file_ref idref="fl-46"/>
      </object_component>
      <object_component id="oc-25">
         <name>.cinit</name>
         <load_address>0xc3f4</load_address>
         <run_address>0xc3f4</run_address>
         <size>0x30</size>
         <input_file_ref idref="fl-5"/>
      </object_component>
      <object_component id="oc-86">
         <name>.cinit</name>
         <load_address>0xc424</load_address>
         <run_address>0xc424</run_address>
         <size>0x18</size>
         <input_file_ref idref="fl-18"/>
      </object_component>
      <object_component id="oc-126">
         <name>.cinit</name>
         <load_address>0xc43c</load_address>
         <run_address>0xc43c</run_address>
         <size>0x14</size>
         <input_file_ref idref="fl-40"/>
      </object_component>
      <object_component id="oc-b6">
         <name>.cinit</name>
         <load_address>0xc450</load_address>
         <run_address>0xc450</run_address>
         <size>0x14</size>
         <input_file_ref idref="fl-27"/>
      </object_component>
      <object_component id="oc-7f">
         <name>.cinit</name>
         <load_address>0xc464</load_address>
         <run_address>0xc464</run_address>
         <size>0x10</size>
         <input_file_ref idref="fl-17"/>
      </object_component>
      <object_component id="oc-3b">
         <name>.cinit</name>
         <load_address>0xc474</load_address>
         <run_address>0xc474</run_address>
         <size>0x8</size>
         <input_file_ref idref="fl-9"/>
      </object_component>
      <object_component id="oc-143">
         <name>.cinit</name>
         <load_address>0xc47c</load_address>
         <run_address>0xc47c</run_address>
         <size>0x8</size>
         <input_file_ref idref="fl-47"/>
      </object_component>
      <object_component id="oc-199">
         <name>.cinit</name>
         <load_address>0xc484</load_address>
         <run_address>0xc484</run_address>
         <size>0x8</size>
         <input_file_ref idref="fl-5a"/>
      </object_component>
      <object_component id="oc-19f">
         <name>.cinit</name>
         <load_address>0xc48c</load_address>
         <run_address>0xc48c</run_address>
         <size>0x8</size>
         <input_file_ref idref="fl-5b"/>
      </object_component>
      <object_component id="oc-1ae">
         <name>.const:_FontRus16x28</name>
         <load_address>0x24124</load_address>
         <run_address>0x24124</run_address>
         <size>0x6208</size>
         <input_file_ref idref="fl-f"/>
      </object_component>
      <object_component id="oc-1ab">
         <name>.const:_Font16x24</name>
         <load_address>0x2a32c</load_address>
         <run_address>0x2a32c</run_address>
         <size>0x3e88</size>
         <input_file_ref idref="fl-f"/>
      </object_component>
      <object_component id="oc-1ac">
         <name>.const:_FontRus8x15</name>
         <load_address>0x2e1b4</load_address>
         <run_address>0x2e1b4</run_address>
         <size>0x1e08</size>
         <input_file_ref idref="fl-f"/>
      </object_component>
      <object_component id="oc-1af">
         <name>.const:_Num40x53</name>
         <load_address>0x2ffbc</load_address>
         <run_address>0x2ffbc</run_address>
         <size>0x1d04</size>
         <input_file_ref idref="fl-f"/>
      </object_component>
      <object_component id="oc-5c">
         <name>.const:.string</name>
         <load_address>0x31cc0</load_address>
         <run_address>0x31cc0</run_address>
         <size>0x1738</size>
         <input_file_ref idref="fl-f"/>
      </object_component>
      <object_component id="oc-1b0">
         <name>.const:_Num8x8</name>
         <load_address>0x333f8</load_address>
         <run_address>0x333f8</run_address>
         <size>0x208</size>
         <input_file_ref idref="fl-f"/>
      </object_component>
      <object_component id="oc-1b6">
         <name>.const:__ctypes_</name>
         <load_address>0x33600</load_address>
         <run_address>0x33600</run_address>
         <size>0x202</size>
         <input_file_ref idref="fl-45"/>
      </object_component>
      <object_component id="oc-1b2">
         <name>.const:_Num8x12</name>
         <load_address>0x33802</load_address>
         <run_address>0x33802</run_address>
         <size>0x170</size>
         <input_file_ref idref="fl-f"/>
      </object_component>
      <object_component id="oc-5b">
         <name>.const</name>
         <load_address>0x33974</load_address>
         <run_address>0x33974</run_address>
         <size>0xa4</size>
         <input_file_ref idref="fl-f"/>
      </object_component>
      <object_component id="oc-1ad">
         <name>.const:_FontRus16x27</name>
         <load_address>0x33a18</load_address>
         <run_address>0x33a18</run_address>
         <size>0x74</size>
         <input_file_ref idref="fl-f"/>
      </object_component>
      <object_component id="oc-12c">
         <name>.const:.string</name>
         <load_address>0x33a8c</load_address>
         <run_address>0x33a8c</run_address>
         <size>0x48</size>
         <input_file_ref idref="fl-41"/>
      </object_component>
      <object_component id="oc-f4">
         <name>.const</name>
         <load_address>0x33ad4</load_address>
         <run_address>0x33ad4</run_address>
         <size>0x38</size>
         <input_file_ref idref="fl-35"/>
      </object_component>
      <object_component id="oc-12b">
         <name>.const</name>
         <load_address>0x33b0c</load_address>
         <run_address>0x33b0c</run_address>
         <size>0x18</size>
         <input_file_ref idref="fl-41"/>
      </object_component>
      <object_component id="oc-15d">
         <name>.const</name>
         <load_address>0x33b24</load_address>
         <run_address>0x33b24</run_address>
         <size>0x14</size>
         <input_file_ref idref="fl-4d"/>
      </object_component>
      <object_component id="oc-10a">
         <name>.const</name>
         <load_address>0x33b38</load_address>
         <run_address>0x33b38</run_address>
         <size>0x14</size>
         <input_file_ref idref="fl-3a"/>
      </object_component>
      <object_component id="oc-1b5">
         <name>.const:_initial_approx$1</name>
         <load_address>0x33b4c</load_address>
         <run_address>0x33b4c</run_address>
         <size>0x10</size>
         <input_file_ref idref="fl-24"/>
      </object_component>
      <object_component id="oc-154">
         <name>.const</name>
         <load_address>0x33b5c</load_address>
         <run_address>0x33b5c</run_address>
         <size>0x10</size>
         <input_file_ref idref="fl-4b"/>
      </object_component>
      <object_component id="oc-105">
         <name>.const</name>
         <load_address>0x33b6c</load_address>
         <run_address>0x33b6c</run_address>
         <size>0x10</size>
         <input_file_ref idref="fl-39"/>
      </object_component>
      <object_component id="oc-178">
         <name>.const</name>
         <load_address>0x33b7c</load_address>
         <run_address>0x33b7c</run_address>
         <size>0xc</size>
         <input_file_ref idref="fl-53"/>
      </object_component>
      <object_component id="oc-117">
         <name>.const</name>
         <load_address>0x33b88</load_address>
         <run_address>0x33b88</run_address>
         <size>0x8</size>
         <input_file_ref idref="fl-3d"/>
      </object_component>
      <object_component id="oc-14b">
         <name>.const:.string</name>
         <load_address>0x33b90</load_address>
         <run_address>0x33b90</run_address>
         <size>0x4</size>
         <input_file_ref idref="fl-49"/>
      </object_component>
      <object_component id="oc-45">
         <name>.const</name>
         <load_address>0x33b94</load_address>
         <run_address>0x33b94</run_address>
         <size>0x4</size>
         <input_file_ref idref="fl-b"/>
      </object_component>
      <object_component id="oc-d0">
         <name>.const</name>
         <load_address>0x33b98</load_address>
         <run_address>0x33b98</run_address>
         <size>0x4</size>
         <input_file_ref idref="fl-2d"/>
      </object_component>
      <object_component id="oc-d9">
         <name>.const</name>
         <load_address>0x33b9c</load_address>
         <run_address>0x33b9c</run_address>
         <size>0x4</size>
         <input_file_ref idref="fl-2f"/>
      </object_component>
      <object_component id="oc-182">
         <name>.cio</name>
         <uninitialized>true</uninitialized>
         <run_address>0xd068</run_address>
         <size>0x240</size>
         <input_file_ref idref="fl-55"/>
      </object_component>
      <object_component id="oc-1b3">
         <name>.switch:_NtoC</name>
         <load_address>0xd2a8</load_address>
         <run_address>0xd2a8</run_address>
         <size>0x28</size>
         <input_file_ref idref="fl-17"/>
      </object_component>
      <object_component id="oc-1b1">
         <name>.switch:_PrintClock</name>
         <load_address>0xd2d0</load_address>
         <run_address>0xd2d0</run_address>
         <size>0x28</size>
         <input_file_ref idref="fl-f"/>
      </object_component>
      <object_component id="oc-16">
         <name>.debug_info</name>
         <load_address>0x0</load_address>
         <run_address>0x0</run_address>
         <size>0x47e</size>
         <input_file_ref idref="fl-2"/>
      </object_component>
      <object_component id="oc-1a">
         <name>.debug_info</name>
         <load_address>0x47e</load_address>
         <run_address>0x47e</run_address>
         <size>0xb2</size>
         <input_file_ref idref="fl-3"/>
      </object_component>
      <object_component id="oc-1f">
         <name>.debug_info</name>
         <load_address>0x530</load_address>
         <run_address>0x530</run_address>
         <size>0xbc</size>
         <input_file_ref idref="fl-4"/>
      </object_component>
      <object_component id="oc-24">
         <name>.debug_info</name>
         <load_address>0x5ec</load_address>
         <run_address>0x5ec</run_address>
         <size>0xb2c</size>
         <input_file_ref idref="fl-5"/>
      </object_component>
      <object_component id="oc-2b">
         <name>.debug_info</name>
         <load_address>0x1118</load_address>
         <run_address>0x1118</run_address>
         <size>0x62c</size>
         <input_file_ref idref="fl-6"/>
      </object_component>
      <object_component id="oc-30">
         <name>.debug_info</name>
         <load_address>0x1744</load_address>
         <run_address>0x1744</run_address>
         <size>0x7b6</size>
         <input_file_ref idref="fl-7"/>
      </object_component>
      <object_component id="oc-35">
         <name>.debug_info</name>
         <load_address>0x1efa</load_address>
         <run_address>0x1efa</run_address>
         <size>0xae</size>
         <input_file_ref idref="fl-8"/>
      </object_component>
      <object_component id="oc-3a">
         <name>.debug_info</name>
         <load_address>0x1fa8</load_address>
         <run_address>0x1fa8</run_address>
         <size>0x6ba</size>
         <input_file_ref idref="fl-9"/>
      </object_component>
      <object_component id="oc-40">
         <name>.debug_info</name>
         <load_address>0x2662</load_address>
         <run_address>0x2662</run_address>
         <size>0x313</size>
         <input_file_ref idref="fl-a"/>
      </object_component>
      <object_component id="oc-44">
         <name>.debug_info</name>
         <load_address>0x2975</load_address>
         <run_address>0x2975</run_address>
         <size>0x79c</size>
         <input_file_ref idref="fl-b"/>
      </object_component>
      <object_component id="oc-4a">
         <name>.debug_info</name>
         <load_address>0x3111</load_address>
         <run_address>0x3111</run_address>
         <size>0xb9</size>
         <input_file_ref idref="fl-c"/>
      </object_component>
      <object_component id="oc-4e">
         <name>.debug_info</name>
         <load_address>0x31ca</load_address>
         <run_address>0x31ca</run_address>
         <size>0xb7</size>
         <input_file_ref idref="fl-d"/>
      </object_component>
      <object_component id="oc-51">
         <name>.debug_info</name>
         <load_address>0x3281</load_address>
         <run_address>0x3281</run_address>
         <size>0x461</size>
         <input_file_ref idref="fl-e"/>
      </object_component>
      <object_component id="oc-55">
         <name>.debug_info</name>
         <load_address>0x36e2</load_address>
         <run_address>0x36e2</run_address>
         <size>0x15381</size>
         <input_file_ref idref="fl-f"/>
      </object_component>
      <object_component id="oc-61">
         <name>.debug_info</name>
         <load_address>0x18a63</load_address>
         <run_address>0x18a63</run_address>
         <size>0xb4</size>
         <input_file_ref idref="fl-10"/>
      </object_component>
      <object_component id="oc-65">
         <name>.debug_info</name>
         <load_address>0x18b17</load_address>
         <run_address>0x18b17</run_address>
         <size>0xb3</size>
         <input_file_ref idref="fl-11"/>
      </object_component>
      <object_component id="oc-69">
         <name>.debug_info</name>
         <load_address>0x18bca</load_address>
         <run_address>0x18bca</run_address>
         <size>0x1ac3</size>
         <input_file_ref idref="fl-12"/>
      </object_component>
      <object_component id="oc-6f">
         <name>.debug_info</name>
         <load_address>0x1a68d</load_address>
         <run_address>0x1a68d</run_address>
         <size>0x2626</size>
         <input_file_ref idref="fl-13"/>
      </object_component>
      <object_component id="oc-73">
         <name>.debug_info</name>
         <load_address>0x1ccb3</load_address>
         <run_address>0x1ccb3</run_address>
         <size>0x467</size>
         <input_file_ref idref="fl-14"/>
      </object_component>
      <object_component id="oc-76">
         <name>.debug_info</name>
         <load_address>0x1d11a</load_address>
         <run_address>0x1d11a</run_address>
         <size>0xb2</size>
         <input_file_ref idref="fl-15"/>
      </object_component>
      <object_component id="oc-7a">
         <name>.debug_info</name>
         <load_address>0x1d1cc</load_address>
         <run_address>0x1d1cc</run_address>
         <size>0x49b</size>
         <input_file_ref idref="fl-16"/>
      </object_component>
      <object_component id="oc-7e">
         <name>.debug_info</name>
         <load_address>0x1d667</load_address>
         <run_address>0x1d667</run_address>
         <size>0x721</size>
         <input_file_ref idref="fl-17"/>
      </object_component>
      <object_component id="oc-85">
         <name>.debug_info</name>
         <load_address>0x1dd88</load_address>
         <run_address>0x1dd88</run_address>
         <size>0x85a</size>
         <input_file_ref idref="fl-18"/>
      </object_component>
      <object_component id="oc-8b">
         <name>.debug_info</name>
         <load_address>0x1e5e2</load_address>
         <run_address>0x1e5e2</run_address>
         <size>0x540</size>
         <input_file_ref idref="fl-19"/>
      </object_component>
      <object_component id="oc-92">
         <name>.debug_info</name>
         <load_address>0x1eb22</load_address>
         <run_address>0x1eb22</run_address>
         <size>0x659</size>
         <input_file_ref idref="fl-1b"/>
      </object_component>
      <object_component id="oc-97">
         <name>.debug_info</name>
         <load_address>0x1f17b</load_address>
         <run_address>0x1f17b</run_address>
         <size>0xda</size>
         <input_file_ref idref="fl-1c"/>
      </object_component>
      <object_component id="oc-9b">
         <name>.debug_info</name>
         <load_address>0x1f255</load_address>
         <run_address>0x1f255</run_address>
         <size>0x5ab</size>
         <input_file_ref idref="fl-21"/>
      </object_component>
      <object_component id="oc-a0">
         <name>.debug_info</name>
         <load_address>0x1f800</load_address>
         <run_address>0x1f800</run_address>
         <size>0xe8</size>
         <input_file_ref idref="fl-22"/>
      </object_component>
      <object_component id="oc-a4">
         <name>.debug_info</name>
         <load_address>0x1f8e8</load_address>
         <run_address>0x1f8e8</run_address>
         <size>0x81f</size>
         <input_file_ref idref="fl-23"/>
      </object_component>
      <object_component id="oc-a8">
         <name>.debug_info</name>
         <load_address>0x20107</load_address>
         <run_address>0x20107</run_address>
         <size>0x7e8</size>
         <input_file_ref idref="fl-24"/>
      </object_component>
      <object_component id="oc-ac">
         <name>.debug_info</name>
         <load_address>0x208ef</load_address>
         <run_address>0x208ef</run_address>
         <size>0x4f2</size>
         <input_file_ref idref="fl-25"/>
      </object_component>
      <object_component id="oc-b0">
         <name>.debug_info</name>
         <load_address>0x20de1</load_address>
         <run_address>0x20de1</run_address>
         <size>0x534</size>
         <input_file_ref idref="fl-26"/>
      </object_component>
      <object_component id="oc-b5">
         <name>.debug_info</name>
         <load_address>0x21315</load_address>
         <run_address>0x21315</run_address>
         <size>0x5fb</size>
         <input_file_ref idref="fl-27"/>
      </object_component>
      <object_component id="oc-bb">
         <name>.debug_info</name>
         <load_address>0x21910</load_address>
         <run_address>0x21910</run_address>
         <size>0x4cf</size>
         <input_file_ref idref="fl-28"/>
      </object_component>
      <object_component id="oc-bf">
         <name>.debug_info</name>
         <load_address>0x21ddf</load_address>
         <run_address>0x21ddf</run_address>
         <size>0x534</size>
         <input_file_ref idref="fl-29"/>
      </object_component>
      <object_component id="oc-c3">
         <name>.debug_info</name>
         <load_address>0x22313</load_address>
         <run_address>0x22313</run_address>
         <size>0x4cf</size>
         <input_file_ref idref="fl-2a"/>
      </object_component>
      <object_component id="oc-c7">
         <name>.debug_info</name>
         <load_address>0x227e2</load_address>
         <run_address>0x227e2</run_address>
         <size>0x534</size>
         <input_file_ref idref="fl-2b"/>
      </object_component>
      <object_component id="oc-cb">
         <name>.debug_info</name>
         <load_address>0x22d16</load_address>
         <run_address>0x22d16</run_address>
         <size>0x4cf</size>
         <input_file_ref idref="fl-2c"/>
      </object_component>
      <object_component id="oc-cf">
         <name>.debug_info</name>
         <load_address>0x231e5</load_address>
         <run_address>0x231e5</run_address>
         <size>0x549</size>
         <input_file_ref idref="fl-2d"/>
      </object_component>
      <object_component id="oc-d4">
         <name>.debug_info</name>
         <load_address>0x2372e</load_address>
         <run_address>0x2372e</run_address>
         <size>0x4cf</size>
         <input_file_ref idref="fl-2e"/>
      </object_component>
      <object_component id="oc-d8">
         <name>.debug_info</name>
         <load_address>0x23bfd</load_address>
         <run_address>0x23bfd</run_address>
         <size>0x549</size>
         <input_file_ref idref="fl-2f"/>
      </object_component>
      <object_component id="oc-dd">
         <name>.debug_info</name>
         <load_address>0x24146</load_address>
         <run_address>0x24146</run_address>
         <size>0x53e</size>
         <input_file_ref idref="fl-30"/>
      </object_component>
      <object_component id="oc-e1">
         <name>.debug_info</name>
         <load_address>0x24684</load_address>
         <run_address>0x24684</run_address>
         <size>0xeb</size>
         <input_file_ref idref="fl-31"/>
      </object_component>
      <object_component id="oc-e5">
         <name>.debug_info</name>
         <load_address>0x2476f</load_address>
         <run_address>0x2476f</run_address>
         <size>0xbd</size>
         <input_file_ref idref="fl-32"/>
      </object_component>
      <object_component id="oc-e9">
         <name>.debug_info</name>
         <load_address>0x2482c</load_address>
         <run_address>0x2482c</run_address>
         <size>0x55b</size>
         <input_file_ref idref="fl-33"/>
      </object_component>
      <object_component id="oc-ed">
         <name>.debug_info</name>
         <load_address>0x24d87</load_address>
         <run_address>0x24d87</run_address>
         <size>0x4b7</size>
         <input_file_ref idref="fl-34"/>
      </object_component>
      <object_component id="oc-f2">
         <name>.debug_info</name>
         <load_address>0x2523e</load_address>
         <run_address>0x2523e</run_address>
         <size>0xaed</size>
         <input_file_ref idref="fl-35"/>
      </object_component>
      <object_component id="oc-f8">
         <name>.debug_info</name>
         <load_address>0x25d2b</load_address>
         <run_address>0x25d2b</run_address>
         <size>0x76c</size>
         <input_file_ref idref="fl-36"/>
      </object_component>
      <object_component id="oc-fc">
         <name>.debug_info</name>
         <load_address>0x26497</load_address>
         <run_address>0x26497</run_address>
         <size>0x4f2</size>
         <input_file_ref idref="fl-37"/>
      </object_component>
      <object_component id="oc-100">
         <name>.debug_info</name>
         <load_address>0x26989</load_address>
         <run_address>0x26989</run_address>
         <size>0x534</size>
         <input_file_ref idref="fl-38"/>
      </object_component>
      <object_component id="oc-104">
         <name>.debug_info</name>
         <load_address>0x26ebd</load_address>
         <run_address>0x26ebd</run_address>
         <size>0x52e</size>
         <input_file_ref idref="fl-39"/>
      </object_component>
      <object_component id="oc-109">
         <name>.debug_info</name>
         <load_address>0x273eb</load_address>
         <run_address>0x273eb</run_address>
         <size>0x7fc</size>
         <input_file_ref idref="fl-3a"/>
      </object_component>
      <object_component id="oc-10e">
         <name>.debug_info</name>
         <load_address>0x27be7</load_address>
         <run_address>0x27be7</run_address>
         <size>0x589</size>
         <input_file_ref idref="fl-3b"/>
      </object_component>
      <object_component id="oc-112">
         <name>.debug_info</name>
         <load_address>0x28170</load_address>
         <run_address>0x28170</run_address>
         <size>0x4de</size>
         <input_file_ref idref="fl-3c"/>
      </object_component>
      <object_component id="oc-116">
         <name>.debug_info</name>
         <load_address>0x2864e</load_address>
         <run_address>0x2864e</run_address>
         <size>0x521</size>
         <input_file_ref idref="fl-3d"/>
      </object_component>
      <object_component id="oc-11b">
         <name>.debug_info</name>
         <load_address>0x28b6f</load_address>
         <run_address>0x28b6f</run_address>
         <size>0xef</size>
         <input_file_ref idref="fl-3e"/>
      </object_component>
      <object_component id="oc-120">
         <name>.debug_info</name>
         <load_address>0x28c5e</load_address>
         <run_address>0x28c5e</run_address>
         <size>0xbc</size>
         <input_file_ref idref="fl-3f"/>
      </object_component>
      <object_component id="oc-125">
         <name>.debug_info</name>
         <load_address>0x28d1a</load_address>
         <run_address>0x28d1a</run_address>
         <size>0x5bc</size>
         <input_file_ref idref="fl-40"/>
      </object_component>
      <object_component id="oc-12a">
         <name>.debug_info</name>
         <load_address>0x292d6</load_address>
         <run_address>0x292d6</run_address>
         <size>0x27bd</size>
         <input_file_ref idref="fl-41"/>
      </object_component>
      <object_component id="oc-130">
         <name>.debug_info</name>
         <load_address>0x2ba93</load_address>
         <run_address>0x2ba93</run_address>
         <size>0x586</size>
         <input_file_ref idref="fl-42"/>
      </object_component>
      <object_component id="oc-134">
         <name>.debug_info</name>
         <load_address>0x2c019</load_address>
         <run_address>0x2c019</run_address>
         <size>0x5a4</size>
         <input_file_ref idref="fl-43"/>
      </object_component>
      <object_component id="oc-138">
         <name>.debug_info</name>
         <load_address>0x2c5bd</load_address>
         <run_address>0x2c5bd</run_address>
         <size>0xcd</size>
         <input_file_ref idref="fl-44"/>
      </object_component>
      <object_component id="oc-13b">
         <name>.debug_info</name>
         <load_address>0x2c68a</load_address>
         <run_address>0x2c68a</run_address>
         <size>0x498</size>
         <input_file_ref idref="fl-45"/>
      </object_component>
      <object_component id="oc-13e">
         <name>.debug_info</name>
         <load_address>0x2cb22</load_address>
         <run_address>0x2cb22</run_address>
         <size>0x57e</size>
         <input_file_ref idref="fl-46"/>
      </object_component>
      <object_component id="oc-142">
         <name>.debug_info</name>
         <load_address>0x2d0a0</load_address>
         <run_address>0x2d0a0</run_address>
         <size>0x47b</size>
         <input_file_ref idref="fl-47"/>
      </object_component>
      <object_component id="oc-146">
         <name>.debug_info</name>
         <load_address>0x2d51b</load_address>
         <run_address>0x2d51b</run_address>
         <size>0x6aa</size>
         <input_file_ref idref="fl-48"/>
      </object_component>
      <object_component id="oc-14a">
         <name>.debug_info</name>
         <load_address>0x2dbc5</load_address>
         <run_address>0x2dbc5</run_address>
         <size>0x942</size>
         <input_file_ref idref="fl-49"/>
      </object_component>
      <object_component id="oc-14f">
         <name>.debug_info</name>
         <load_address>0x2e507</load_address>
         <run_address>0x2e507</run_address>
         <size>0x4d2</size>
         <input_file_ref idref="fl-4a"/>
      </object_component>
      <object_component id="oc-153">
         <name>.debug_info</name>
         <load_address>0x2e9d9</load_address>
         <run_address>0x2e9d9</run_address>
         <size>0x518</size>
         <input_file_ref idref="fl-4b"/>
      </object_component>
      <object_component id="oc-158">
         <name>.debug_info</name>
         <load_address>0x2eef1</load_address>
         <run_address>0x2eef1</run_address>
         <size>0x680</size>
         <input_file_ref idref="fl-4c"/>
      </object_component>
      <object_component id="oc-15c">
         <name>.debug_info</name>
         <load_address>0x2f571</load_address>
         <run_address>0x2f571</run_address>
         <size>0x50e</size>
         <input_file_ref idref="fl-4d"/>
      </object_component>
      <object_component id="oc-161">
         <name>.debug_info</name>
         <load_address>0x2fa7f</load_address>
         <run_address>0x2fa7f</run_address>
         <size>0x7d4</size>
         <input_file_ref idref="fl-4e"/>
      </object_component>
      <object_component id="oc-166">
         <name>.debug_info</name>
         <load_address>0x30253</load_address>
         <run_address>0x30253</run_address>
         <size>0x144b</size>
         <input_file_ref idref="fl-4f"/>
      </object_component>
      <object_component id="oc-16b">
         <name>.debug_info</name>
         <load_address>0x3169e</load_address>
         <run_address>0x3169e</run_address>
         <size>0x5ad</size>
         <input_file_ref idref="fl-50"/>
      </object_component>
      <object_component id="oc-16f">
         <name>.debug_info</name>
         <load_address>0x31c4b</load_address>
         <run_address>0x31c4b</run_address>
         <size>0x574</size>
         <input_file_ref idref="fl-51"/>
      </object_component>
      <object_component id="oc-173">
         <name>.debug_info</name>
         <load_address>0x321bf</load_address>
         <run_address>0x321bf</run_address>
         <size>0xd1</size>
         <input_file_ref idref="fl-52"/>
      </object_component>
      <object_component id="oc-177">
         <name>.debug_info</name>
         <load_address>0x32290</load_address>
         <run_address>0x32290</run_address>
         <size>0x50c</size>
         <input_file_ref idref="fl-53"/>
      </object_component>
      <object_component id="oc-17d">
         <name>.debug_info</name>
         <load_address>0x3279c</load_address>
         <run_address>0x3279c</run_address>
         <size>0xed4</size>
         <input_file_ref idref="fl-54"/>
      </object_component>
      <object_component id="oc-181">
         <name>.debug_info</name>
         <load_address>0x33670</load_address>
         <run_address>0x33670</run_address>
         <size>0x744</size>
         <input_file_ref idref="fl-55"/>
      </object_component>
      <object_component id="oc-187">
         <name>.debug_info</name>
         <load_address>0x33db4</load_address>
         <run_address>0x33db4</run_address>
         <size>0x662</size>
         <input_file_ref idref="fl-56"/>
      </object_component>
      <object_component id="oc-18b">
         <name>.debug_info</name>
         <load_address>0x34416</load_address>
         <run_address>0x34416</run_address>
         <size>0x706</size>
         <input_file_ref idref="fl-57"/>
      </object_component>
      <object_component id="oc-18f">
         <name>.debug_info</name>
         <load_address>0x34b1c</load_address>
         <run_address>0x34b1c</run_address>
         <size>0x5f7</size>
         <input_file_ref idref="fl-58"/>
      </object_component>
      <object_component id="oc-193">
         <name>.debug_info</name>
         <load_address>0x35113</load_address>
         <run_address>0x35113</run_address>
         <size>0x64a</size>
         <input_file_ref idref="fl-59"/>
      </object_component>
      <object_component id="oc-198">
         <name>.debug_info</name>
         <load_address>0x3575d</load_address>
         <run_address>0x3575d</run_address>
         <size>0xa1c</size>
         <input_file_ref idref="fl-5a"/>
      </object_component>
      <object_component id="oc-19e">
         <name>.debug_info</name>
         <load_address>0x36179</load_address>
         <run_address>0x36179</run_address>
         <size>0xba5</size>
         <input_file_ref idref="fl-5b"/>
      </object_component>
      <object_component id="oc-1a4">
         <name>.debug_info</name>
         <load_address>0x36d1e</load_address>
         <run_address>0x36d1e</run_address>
         <size>0x64f</size>
         <input_file_ref idref="fl-5c"/>
      </object_component>
      <object_component id="oc-1a8">
         <name>.debug_info</name>
         <load_address>0x3736d</load_address>
         <run_address>0x3736d</run_address>
         <size>0x510</size>
         <input_file_ref idref="fl-5d"/>
      </object_component>
      <object_component id="oc-1dc">
         <name>.debug_info</name>
         <load_address>0x3787d</load_address>
         <run_address>0x3787d</run_address>
         <size>0x6e</size>
      </object_component>
      <object_component id="oc-17">
         <name>.debug_line</name>
         <load_address>0x0</load_address>
         <run_address>0x0</run_address>
         <size>0x11b</size>
         <input_file_ref idref="fl-2"/>
      </object_component>
      <object_component id="oc-1b">
         <name>.debug_line</name>
         <load_address>0x11b</load_address>
         <run_address>0x11b</run_address>
         <size>0x8e</size>
         <input_file_ref idref="fl-3"/>
      </object_component>
      <object_component id="oc-20">
         <name>.debug_line</name>
         <load_address>0x1a9</load_address>
         <run_address>0x1a9</run_address>
         <size>0x10c</size>
         <input_file_ref idref="fl-4"/>
      </object_component>
      <object_component id="oc-28">
         <name>.debug_line</name>
         <load_address>0x2b5</load_address>
         <run_address>0x2b5</run_address>
         <size>0x1b8</size>
         <input_file_ref idref="fl-5"/>
      </object_component>
      <object_component id="oc-2d">
         <name>.debug_line</name>
         <load_address>0x46d</load_address>
         <run_address>0x46d</run_address>
         <size>0x7d</size>
         <input_file_ref idref="fl-6"/>
      </object_component>
      <object_component id="oc-32">
         <name>.debug_line</name>
         <load_address>0x4ea</load_address>
         <run_address>0x4ea</run_address>
         <size>0xd8</size>
         <input_file_ref idref="fl-7"/>
      </object_component>
      <object_component id="oc-36">
         <name>.debug_line</name>
         <load_address>0x5c2</load_address>
         <run_address>0x5c2</run_address>
         <size>0x54</size>
         <input_file_ref idref="fl-8"/>
      </object_component>
      <object_component id="oc-3d">
         <name>.debug_line</name>
[...]
         <object_component_ref idref="oc-91"/>
      </symbol>
      <symbol id="sm-abf">
         <name>_USBSTK5515_waitusec</name>
         <value>0x23bf1</value>
         <object_component_ref idref="oc-91"/>
      </symbol>
      <symbol id="sm-aed">
         <name>reset_isr</name>
         <value>0x23e6e</value>
         <object_component_ref idref="oc-14"/>
      </symbol>
      <symbol id="sm-aee">
         <name>_RST</name>
         <value>0xd300</value>
         <object_component_ref idref="oc-96"/>
      </symbol>
      <symbol id="sm-af8">
         <name>__addd</name>
         <value>0x21893</value>
         <object_component_ref idref="oc-9a"/>
      </symbol>
      <symbol id="sm-b04">
         <name>__sysstack</name>
         <value>0xcc80</value>
         <object_component_ref idref="oc-1b4"/>
      </symbol>
      <symbol id="sm-b05">
         <name>_c_int00</name>
         <value>0x23f2a</value>
         <object_component_ref idref="oc-9e"/>
      </symbol>
      <symbol id="sm-b06">
         <name>__stack</name>
         <value>0xc898</value>
         <object_component_ref idref="oc-9f"/>
      </symbol>
      <symbol id="sm-b10">
         <name>__eqld</name>
         <value>0x22034</value>
         <object_component_ref idref="oc-a3"/>
      </symbol>
      <symbol id="sm-b11">
         <name>__cmpd</name>
         <value>0x22068</value>
         <object_component_ref idref="oc-a3"/>
      </symbol>
      <symbol id="sm-b12">
         <name>__neqd</name>
         <value>0x21ed6</value>
         <object_component_ref idref="oc-a3"/>
      </symbol>
      <symbol id="sm-b13">
         <name>__gtrd</name>
         <value>0x21f9f</value>
         <object_component_ref idref="oc-a3"/>
      </symbol>
      <symbol id="sm-b14">
         <name>__geqd</name>
         <value>0x21fea</value>
         <object_component_ref idref="oc-a3"/>
      </symbol>
      <symbol id="sm-b15">
         <name>__leqd</name>
         <value>0x21f52</value>
         <object_component_ref idref="oc-a3"/>
      </symbol>
      <symbol id="sm-b16">
         <name>__lssd</name>
         <value>0x21f0a</value>
         <object_component_ref idref="oc-a3"/>
      </symbol>
      <symbol id="sm-b22">
         <name>__divd</name>
         <value>0x20ae7</value>
         <object_component_ref idref="oc-a7"/>
      </symbol>
      <symbol id="sm-b2c">
         <name>__divli</name>
         <value>0x23de3</value>
         <object_component_ref idref="oc-ab"/>
      </symbol>
      <symbol id="sm-b37">
         <name>__divul</name>
         <value>0x23402</value>
         <object_component_ref idref="oc-af"/>
      </symbol>
      <symbol id="sm-b47">
         <name>C$$EXIT</name>
         <value>0x24118</value>
         <object_component_ref idref="oc-b7"/>
      </symbol>
      <symbol id="sm-b48">
         <name>_exit</name>
         <value>0x23eb0</value>
         <object_component_ref idref="oc-b3"/>
      </symbol>
      <symbol id="sm-b49">
         <name>_abort</name>
         <value>0x24117</value>
         <object_component_ref idref="oc-b7"/>
      </symbol>
      <symbol id="sm-b4a">
         <name>__cleanup_ptr</name>
         <value>0x9f90</value>
         <object_component_ref idref="oc-b4"/>
      </symbol>
      <symbol id="sm-b4b">
         <name>__dtors_ptr</name>
         <value>0x9f94</value>
         <object_component_ref idref="oc-b4"/>
      </symbol>
      <symbol id="sm-b55">
         <name>__fixdi</name>
         <value>0x23fc0</value>
         <object_component_ref idref="oc-ba"/>
      </symbol>
      <symbol id="sm-b5f">
         <name>__fixdli</name>
         <value>0x237ec</value>
         <object_component_ref idref="oc-be"/>
      </symbol>
      <symbol id="sm-b69">
         <name>__fixdu</name>
         <value>0x24060</value>
         <object_component_ref idref="oc-c2"/>
      </symbol>
      <symbol id="sm-b73">
         <name>__fixdul</name>
         <value>0x2361d</value>
         <object_component_ref idref="oc-c6"/>
      </symbol>
      <symbol id="sm-b7d">
         <name>__fltid</name>
         <value>0x24101</value>
         <object_component_ref idref="oc-ca"/>
      </symbol>
      <symbol id="sm-b89">
         <name>__fltlid</name>
         <value>0x23998</value>
         <object_component_ref idref="oc-ce"/>
      </symbol>
      <symbol id="sm-b93">
         <name>__fltud</name>
         <value>0x240f3</value>
         <object_component_ref idref="oc-d3"/>
      </symbol>
      <symbol id="sm-b9f">
         <name>__fltuld</name>
         <value>0x23a5f</value>
         <object_component_ref idref="oc-d7"/>
      </symbol>
      <symbol id="sm-ba9">
         <name>__frcmpyd_div</name>
         <value>0x23709</value>
         <object_component_ref idref="oc-dc"/>
      </symbol>
      <symbol id="sm-bb1">
         <name>__remi</name>
         <value>0x23f0d</value>
         <object_component_ref idref="oc-e0"/>
      </symbol>
      <symbol id="sm-bb2">
         <name>__divi</name>
         <value>0x23eee</value>
         <object_component_ref idref="oc-e0"/>
      </symbol>
      <symbol id="sm-bb3">
         <name>I$$MOD</name>
         <value>0x23f0d</value>
         <object_component_ref idref="oc-e0"/>
      </symbol>
      <symbol id="sm-bb4">
         <name>I$$DIV</name>
         <value>0x23eee</value>
         <object_component_ref idref="oc-e0"/>
      </symbol>
      <symbol id="sm-bbc">
         <name>__mpyli</name>
         <value>0x240be</value>
         <object_component_ref idref="oc-e4"/>
      </symbol>
      <symbol id="sm-bbd">
         <name>I$$LMPY</name>
         <value>0x240be</value>
         <object_component_ref idref="oc-e4"/>
      </symbol>
      <symbol id="sm-bc7">
         <name>__mpyd</name>
         <value>0x2255d</value>
         <object_component_ref idref="oc-e8"/>
      </symbol>
      <symbol id="sm-bd1">
         <name>__negd</name>
         <value>0x240e3</value>
         <object_component_ref idref="oc-ec"/>
      </symbol>
      <symbol id="sm-be2">
         <name>_pow</name>
         <value>0x1f09a</value>
         <object_component_ref idref="oc-f0"/>
      </symbol>
      <symbol id="sm-bec">
         <name>_printf</name>
         <value>0x23cb4</value>
         <object_component_ref idref="oc-f7"/>
      </symbol>
      <symbol id="sm-bf6">
         <name>__remli</name>
         <value>0x23d4f</value>
         <object_component_ref idref="oc-fb"/>
      </symbol>
      <symbol id="sm-c01">
         <name>__remul</name>
         <value>0x2377c</value>
         <object_component_ref idref="oc-ff"/>
      </symbol>
      <symbol id="sm-c0d">
         <name>__nround</name>
         <value>0x239ff</value>
         <object_component_ref idref="oc-103"/>
      </symbol>
      <symbol id="sm-c1a">
         <name>_sqrt</name>
         <value>0x22911</value>
         <object_component_ref idref="oc-108"/>
      </symbol>
      <symbol id="sm-c24">
         <name>_strlen</name>
         <value>0x24095</value>
         <object_component_ref idref="oc-10d"/>
      </symbol>
      <symbol id="sm-c2e">
         <name>__subd</name>
         <value>0x240aa</value>
         <object_component_ref idref="oc-111"/>
      </symbol>
      <symbol id="sm-c3a">
         <name>__trunc</name>
         <value>0x23e2b</value>
         <object_component_ref idref="oc-115"/>
      </symbol>
      <symbol id="sm-c42">
         <name>__remu</name>
         <value>0x23fff</value>
         <object_component_ref idref="oc-11a"/>
      </symbol>
      <symbol id="sm-c43">
         <name>__divu</name>
         <value>0x23fea</value>
         <object_component_ref idref="oc-11a"/>
      </symbol>
      <symbol id="sm-c44">
         <name>I$$UMOD</name>
         <value>0x23fff</value>
         <object_component_ref idref="oc-11a"/>
      </symbol>
      <symbol id="sm-c45">
         <name>I$$UDIV</name>
         <value>0x23fea</value>
         <object_component_ref idref="oc-11a"/>
      </symbol>
      <symbol id="sm-c4f">
         <name>_Reset</name>
         <value>0xf980</value>
         <object_component_ref idref="oc-11f"/>
      </symbol>
      <symbol id="sm-c5d">
         <name>__unlock</name>
         <value>0x9f8c</value>
         <object_component_ref idref="oc-124"/>
      </symbol>
      <symbol id="sm-c5e">
         <name>__lock</name>
         <value>0x9f88</value>
         <object_component_ref idref="oc-124"/>
      </symbol>
      <symbol id="sm-c5f">
         <name>__register_lock</name>
         <value>0x240d9</value>
         <object_component_ref idref="oc-123"/>
      </symbol>
      <symbol id="sm-c60">
         <name>__nop</name>
         <value>0x240e1</value>
         <object_component_ref idref="oc-123"/>
      </symbol>
      <symbol id="sm-c61">
         <name>__register_unlock</name>
         <value>0x240d1</value>
         <object_component_ref idref="oc-123"/>
      </symbol>
      <symbol id="sm-c73">
         <name>__printfi</name>
         <value>0x1e8aa</value>
         <object_component_ref idref="oc-129"/>
      </symbol>
      <symbol id="sm-c7d">
         <name>__args_main</name>
         <value>0x23d9a</value>
         <object_component_ref idref="oc-12f"/>
      </symbol>
      <symbol id="sm-c7e">
         <name>__TI_args_main</name>
         <value>0x1</value>
      </symbol>
      <symbol id="sm-c88">
         <name>_atoi</name>
         <value>0x23aba</value>
         <object_component_ref idref="oc-133"/>
      </symbol>
      <symbol id="sm-c90">
         <name>_auto_init</name>
         <value>0x23d02</value>
         <object_component_ref idref="oc-137"/>
      </symbol>
      <symbol id="sm-c98">
         <name>__ctypes_</name>
         <value>0x33600</value>
         <object_component_ref idref="oc-1b6"/>
      </symbol>
      <symbol id="sm-ca2">
         <name>__tmpnams</name>
         <value>0x9ab0</value>
         <object_component_ref idref="oc-13d"/>
      </symbol>
      <symbol id="sm-ca3">
         <name>__ft_end</name>
         <value>0x9bf0</value>
         <object_component_ref idref="oc-13d"/>
      </symbol>
      <symbol id="sm-ca4">
         <name>__ftable</name>
         <value>0x99c0</value>
         <object_component_ref idref="oc-13d"/>
      </symbol>
      <symbol id="sm-cae">
         <name>_errno</name>
         <value>0x9e76</value>
         <object_component_ref idref="oc-141"/>
      </symbol>
      <symbol id="sm-cb8">
         <name>_putchar</name>
         <value>0x233f3</value>
         <object_component_ref idref="oc-145"/>
      </symbol>
      <symbol id="sm-cb9">
         <name>_putc</name>
         <value>0x23360</value>
         <object_component_ref idref="oc-145"/>
      </symbol>
      <symbol id="sm-cba">
         <name>_fputc</name>
         <value>0x23360</value>
         <object_component_ref idref="oc-145"/>
      </symbol>
      <symbol id="sm-cc6">
         <name>_puts</name>
         <value>0x223cd</value>
         <object_component_ref idref="oc-149"/>
      </symbol>
      <symbol id="sm-cc7">
         <name>_fputs</name>
         <value>0x2227e</value>
         <object_component_ref idref="oc-149"/>
      </symbol>
      <symbol id="sm-cd1">
         <name>__frcmpyd</name>
         <value>0x23693</value>
         <object_component_ref idref="oc-14e"/>
      </symbol>
      <symbol id="sm-cdd">
         <name>_frexp</name>
         <value>0x22fb6</value>
         <object_component_ref idref="oc-152"/>
      </symbol>
      <symbol id="sm-ce7">
         <name>___isinf</name>
         <value>0x2407b</value>
         <object_component_ref idref="oc-157"/>
      </symbol>
      <symbol id="sm-cf3">
         <name>_ldexp</name>
         <value>0x22c30</value>
         <object_component_ref idref="oc-15b"/>
      </symbol>
      <symbol id="sm-cfd">
         <name>__divull</name>
         <value>0x2176b</value>
         <object_component_ref idref="oc-160"/>
      </symbol>
      <symbol id="sm-cfe">
         <name>__mpylli</name>
         <value>0x216b4</value>
         <object_component_ref idref="oc-160"/>
      </symbol>
      <symbol id="sm-cff">
         <name>__remlli</name>
         <value>0x21685</value>
         <object_component_ref idref="oc-160"/>
      </symbol>
      <symbol id="sm-d00">
         <name>__divlli</name>
         <value>0x2185f</value>
         <object_component_ref idref="oc-160"/>
      </symbol>
      <symbol id="sm-d01">
         <name>__remull</name>
         <value>0x21637</value>
         <object_component_ref idref="oc-160"/>
      </symbol>
      <symbol id="sm-d12">
         <name>_add_device</name>
         <value>0x209ff</value>
         <object_component_ref idref="oc-164"/>
      </symbol>
      <symbol id="sm-d13">
         <name>_rename</name>
         <value>0x20730</value>
         <object_component_ref idref="oc-164"/>
      </symbol>
      <symbol id="sm-d14">
         <name>_read</name>
         <value>0x207bb</value>
         <object_component_ref idref="oc-164"/>
      </symbol>
      <symbol id="sm-d15">
         <name>_unlink</name>
         <value>0x206fc</value>
         <object_component_ref idref="oc-164"/>
      </symbol>
      <symbol id="sm-d16">
         <name>_remove_device</name>
         <value>0x20787</value>
         <object_component_ref idref="oc-164"/>
      </symbol>
      <symbol id="sm-d17">
         <name>_open</name>
         <value>0x20865</value>
         <object_component_ref idref="oc-164"/>
      </symbol>
      <symbol id="sm-d18">
         <name>_find_registered_device</name>
         <value>0x20986</value>
         <object_component_ref idref="oc-164"/>
      </symbol>
      <symbol id="sm-d19">
         <name>_lseek</name>
         <value>0x20922</value>
         <object_component_ref idref="oc-164"/>
      </symbol>
      <symbol id="sm-d1a">
         <name>_close</name>
         <value>0x2098f</value>
         <object_component_ref idref="oc-164"/>
      </symbol>
      <symbol id="sm-d1b">
         <name>_write</name>
         <value>0x205cf</value>
         <object_component_ref idref="oc-164"/>
      </symbol>
      <symbol id="sm-d25">
         <name>_ltoa</name>
         <value>0x2352e</value>
         <object_component_ref idref="oc-16a"/>
      </symbol>
      <symbol id="sm-d30">
         <name>_memccpy</name>
         <value>0x2403e</value>
         <object_component_ref idref="oc-16e"/>
      </symbol>
      <symbol id="sm-d3a">
         <name>_memcpy</name>
         <value>0x23b13</value>
         <object_component_ref idref="oc-172"/>
      </symbol>
      <symbol id="sm-d46">
         <name>_modf</name>
         <value>0x2313f</value>
         <object_component_ref idref="oc-176"/>
      </symbol>
      <symbol id="sm-d52">
         <name>_HOSTopen</name>
         <value>0x1f956</value>
         <object_component_ref idref="oc-17b"/>
      </symbol>
      <symbol id="sm-d53">
         <name>_HOSTread</name>
         <value>0x1f8cb</value>
         <object_component_ref idref="oc-17b"/>
      </symbol>
      <symbol id="sm-d54">
         <name>_HOSTtime</name>
         <value>0x1f7b4</value>
         <object_component_ref idref="oc-17b"/>
      </symbol>
      <symbol id="sm-d55">
         <name>_getenv</name>
         <value>0x1f63d</value>
         <object_component_ref idref="oc-17b"/>
      </symbol>
      <symbol id="sm-d56">
         <name>_HOSTrename</name>
         <value>0x1f812</value>
         <object_component_ref idref="oc-17b"/>
      </symbol>
      <symbol id="sm-d57">
         <name>_HOSTclock</name>
         <value>0x1fb17</value>
         <object_component_ref idref="oc-17b"/>
      </symbol>
      <symbol id="sm-d58">
         <name>_HOSTwrite</name>
         <value>0x1f6bd</value>
         <object_component_ref idref="oc-17b"/>
      </symbol>
      <symbol id="sm-d59">
         <name>_HOSTlseek</name>
         <value>0x1f9f7</value>
         <object_component_ref idref="oc-17b"/>
      </symbol>
      <symbol id="sm-d5a">
         <name>_HOSTunlink</name>
         <value>0x1f748</value>
         <object_component_ref idref="oc-17b"/>
      </symbol>
      <symbol id="sm-d5b">
         <name>_HOSTclose</name>
         <value>0x1faac</value>
         <object_component_ref idref="oc-17b"/>
      </symbol>
      <symbol id="sm-d6d">
         <name>C$$IO$$</name>
         <value>0x2313a</value>
         <object_component_ref idref="oc-183"/>
      </symbol>
      <symbol id="sm-d6e">
         <name>__CIOBUF_</name>
         <value>0xd068</value>
         <object_component_ref idref="oc-182"/>
      </symbol>
      <symbol id="sm-d6f">
         <name>_readmsg</name>
         <value>0x238c5</value>
         <object_component_ref idref="oc-180"/>
      </symbol>
      <symbol id="sm-d70">
         <name>_writemsg</name>
         <value>0x23081</value>
         <object_component_ref idref="oc-183"/>
      </symbol>
      <symbol id="sm-d7a">
         <name>__rd_ok</name>
         <value>0x22f59</value>
         <object_component_ref idref="oc-186"/>
      </symbol>
      <symbol id="sm-d7b">
         <name>__wrt_ok</name>
         <value>0x22edc</value>
         <object_component_ref idref="oc-186"/>
      </symbol>
      <symbol id="sm-d85">
         <name>__doflush</name>
         <value>0x231fc</value>
         <object_component_ref idref="oc-18a"/>
      </symbol>
      <symbol id="sm-d86">
         <name>_fflush</name>
         <value>0x2325e</value>
         <object_component_ref idref="oc-18a"/>
      </symbol>
      <symbol id="sm-d90">
         <name>_fseek</name>
         <value>0x23930</value>
         <object_component_ref idref="oc-18e"/>
      </symbol>
      <symbol id="sm-d9a">
         <name>_setvbuf</name>
         <value>0x22b3d</value>
         <object_component_ref idref="oc-192"/>
      </symbol>
      <symbol id="sm-da9">
         <name>__cleanup</name>
         <value>0x214e0</value>
         <object_component_ref idref="oc-196"/>
      </symbol>
      <symbol id="sm-daa">
         <name>_fopen</name>
         <value>0x215fe</value>
         <object_component_ref idref="oc-196"/>
      </symbol>
      <symbol id="sm-dab">
         <name>_freopen</name>
         <value>0x21538</value>
         <object_component_ref idref="oc-196"/>
      </symbol>
      <symbol id="sm-dbb">
         <name>__sys_memory</name>
         <value>0xc496</value>
         <object_component_ref idref="oc-1a0"/>
      </symbol>
      <symbol id="sm-dbc">
         <name>_chkheap</name>
         <value>0x20054</value>
         <object_component_ref idref="oc-19c"/>
      </symbol>
      <symbol id="sm-dbd">
         <name>_realloc</name>
         <value>0x1fdba</value>
         <object_component_ref idref="oc-19c"/>
      </symbol>
      <symbol id="sm-dbe">
         <name>_free_memory</name>
         <value>0x1ffed</value>
         <object_component_ref idref="oc-19c"/>
      </symbol>
      <symbol id="sm-dbf">
         <name>_max_free</name>
         <value>0x1ff83</value>
         <object_component_ref idref="oc-19c"/>
      </symbol>
      <symbol id="sm-dc0">
         <name>_free</name>
         <value>0x1fb75</value>
         <object_component_ref idref="oc-19c"/>
      </symbol>
      <symbol id="sm-dc1">
         <name>_calloc</name>
         <value>0x2005c</value>
         <object_component_ref idref="oc-19c"/>
      </symbol>
      <symbol id="sm-dc2">
         <name>_malloc</name>
         <value>0x1fcb9</value>
         <object_component_ref idref="oc-19c"/>
      </symbol>
      <symbol id="sm-dc3">
         <name>_minit</name>
         <value>0x1fc47</value>
         <object_component_ref idref="oc-19c"/>
      </symbol>
      <symbol id="sm-dcd">
         <name>_fclose</name>
         <value>0x235a7</value>
         <object_component_ref idref="oc-1a3"/>
      </symbol>
      <symbol id="sm-dd7">
         <name>_remove</name>
         <value>0x2410d</value>
         <object_component_ref idref="oc-1a7"/>
      </symbol>
   </symbol_table>
</link_info>
