<?xml version="1.0"?>
<link_info>
   <banner>TMS320C55x Linker PC v4.4.1</banner>
   <copyright>Copyright (c) 1996-2012 Texas Instruments Incorporated</copyright>
   <link_time>0x5e1eedc0</link_time>
   <output_file>VZV1-M4.out</output_file>
   <entry_point>
      <name>reset_isr</name>
      <address>0x23b84</address>
   </entry_point>
   <input_file_list>
      <input_file id="fl-2">
         <path>.\</path>
         <kind>object</kind>
         <file>aic_test_i2c.obj</file>
         <name>aic_test_i2c.obj</name>
      </input_file>
      <input_file id="fl-3">
         <path>.\</path>
         <kind>object</kind>
         <file>cbrev.obj</file>
         <name>cbrev.obj</name>
      </input_file>
      <input_file id="fl-4">
         <path>.\</path>
         <kind>object</kind>
         <file>cfft_scale.obj</file>
         <name>cfft_scale.obj</name>
      </input_file>
      <input_file id="fl-5">
         <path>.\</path>
         <kind>object</kind>
         <file>dma_bypass1.obj</file>
         <name>dma_bypass1.obj</name>
      </input_file>
      <input_file id="fl-6">
         <path>.\</path>
         <kind>object</kind>
         <file>evm5515.obj</file>
         <name>evm5515.obj</name>
      </input_file>
      <input_file id="fl-7">
         <path>.\</path>
         <kind>object</kind>
         <file>evm5515_gpio.obj</file>
         <name>evm5515_gpio.obj</name>
      </input_file>
      <input_file id="fl-8">
         <path>.\</path>
         <kind>object</kind>
         <file>fir.obj</file>
         <name>fir.obj</name>
      </input_file>
      <input_file id="fl-9">
         <path>.\</path>
         <kind>object</kind>
         <file>i2s_bypass1.obj</file>
         <name>i2s_bypass1.obj</name>
      </input_file>
      <input_file id="fl-a">
         <path>.\</path>
         <kind>object</kind>
         <file>i2s_register.obj</file>
         <name>i2s_register.obj</name>
      </input_file>
      <input_file id="fl-b">
         <path>.\</path>
         <kind>object</kind>
         <file>iir.obj</file>
         <name>iir.obj</name>
      </input_file>
      <input_file id="fl-c">
         <path>.\</path>
         <kind>object</kind>
         <file>iircas32.obj</file>
         <name>iircas32.obj</name>
      </input_file>
      <input_file id="fl-d">
         <path>.\</path>
         <kind>object</kind>
         <file>iircas5.obj</file>
         <name>iircas5.obj</name>
      </input_file>
      <input_file id="fl-e">
         <path>.\</path>
         <kind>object</kind>
         <file>led_test.obj</file>
         <name>led_test.obj</name>
      </input_file>
      <input_file id="fl-f">
         <path>.\</path>
         <kind>object</kind>
         <file>main.obj</file>
         <name>main.obj</name>
      </input_file>
      <input_file id="fl-10">
         <path>.\</path>
         <kind>object</kind>
         <file>maxval.obj</file>
         <name>maxval.obj</name>
      </input_file>
      <input_file id="fl-11">
         <path>.\</path>
         <kind>object</kind>
         <file>maxvec.obj</file>
         <name>maxvec.obj</name>
      </input_file>
      <input_file id="fl-12">
         <path>.\</path>
         <kind>object</kind>
         <file>mmcsd_evm.obj</file>
         <name>mmcsd_evm.obj</name>
      </input_file>
      <input_file id="fl-13">
         <path>.\</path>
         <kind>object</kind>
         <file>mmcsd_protocol.obj</file>
         <name>mmcsd_protocol.obj</name>
      </input_file>
      <input_file id="fl-14">
         <path>.\</path>
         <kind>object</kind>
         <file>nandflash_test.obj</file>
         <name>nandflash_test.obj</name>
      </input_file>
      <input_file id="fl-15">
         <path>.\</path>
         <kind>object</kind>
         <file>power.obj</file>
         <name>power.obj</name>
      </input_file>
      <input_file id="fl-16">
         <path>.\</path>
         <kind>object</kind>
         <file>ref_data_bypass1.obj</file>
         <name>ref_data_bypass1.obj</name>
      </input_file>
      <input_file id="fl-17">
         <path>.\</path>
         <kind>object</kind>
         <file>rtc.obj</file>
         <name>rtc.obj</name>
      </input_file>
      <input_file id="fl-18">
         <path>.\</path>
         <kind>object</kind>
         <file>sar.obj</file>
         <name>sar.obj</name>
      </input_file>
      <input_file id="fl-19">
         <path>.\</path>
         <kind>object</kind>
         <file>timer.obj</file>
         <name>timer.obj</name>
      </input_file>
      <input_file id="fl-1a">
         <path>.\</path>
         <kind>object</kind>
         <file>twiddle.obj</file>
         <name>twiddle.obj</name>
      </input_file>
      <input_file id="fl-1b">
         <path>.\</path>
         <kind>object</kind>
         <file>usbstk5515.obj</file>
         <name>usbstk5515.obj</name>
      </input_file>
      <input_file id="fl-1c">
         <path>.\</path>
         <kind>object</kind>
         <file>vector.obj</file>
         <name>vector.obj</name>
      </input_file>
      <input_file id="fl-21">
         <path>C:\ti\ccsv6\tools\compiler\c5500_4.4.1\lib\</path>
         <kind>archive</kind>
         <file>rts55h.lib</file>
         <name>addd.obj</name>
      </input_file>
      <input_file id="fl-22">
         <path>C:\ti\ccsv6\tools\compiler\c5500_4.4.1\lib\</path>
         <kind>archive</kind>
         <file>rts55h.lib</file>
         <name>boot.obj</name>
      </input_file>
      <input_file id="fl-23">
         <path>C:\ti\ccsv6\tools\compiler\c5500_4.4.1\lib\</path>
         <kind>archive</kind>
         <file>rts55h.lib</file>
         <name>cmpd.obj</name>
      </input_file>
      <input_file id="fl-24">
         <path>C:\ti\ccsv6\tools\compiler\c5500_4.4.1\lib\</path>
         <kind>archive</kind>
         <file>rts55h.lib</file>
         <name>divd.obj</name>
      </input_file>
      <input_file id="fl-25">
         <path>C:\ti\ccsv6\tools\compiler\c5500_4.4.1\lib\</path>
         <kind>archive</kind>
         <file>rts55h.lib</file>
         <name>divli.obj</name>
      </input_file>
      <input_file id="fl-26">
         <path>C:\ti\ccsv6\tools\compiler\c5500_4.4.1\lib\</path>
         <kind>archive</kind>
         <file>rts55h.lib</file>
         <name>divul.obj</name>
      </input_file>
      <input_file id="fl-27">
         <path>C:\ti\ccsv6\tools\compiler\c5500_4.4.1\lib\</path>
         <kind>archive</kind>
         <file>rts55h.lib</file>
         <name>exit.obj</name>
      </input_file>
      <input_file id="fl-28">
         <path>C:\ti\ccsv6\tools\compiler\c5500_4.4.1\lib\</path>
         <kind>archive</kind>
         <file>rts55h.lib</file>
         <name>fixdi.obj</name>
      </input_file>
      <input_file id="fl-29">
         <path>C:\ti\ccsv6\tools\compiler\c5500_4.4.1\lib\</path>
         <kind>archive</kind>
         <file>rts55h.lib</file>
         <name>fixdli.obj</name>
      </input_file>
      <input_file id="fl-2a">
         <path>C:\ti\ccsv6\tools\compiler\c5500_4.4.1\lib\</path>
         <kind>archive</kind>
         <file>rts55h.lib</file>
         <name>fixdu.obj</name>
      </input_file>
      <input_file id="fl-2b">
         <path>C:\ti\ccsv6\tools\compiler\c5500_4.4.1\lib\</path>
         <kind>archive</kind>
         <file>rts55h.lib</file>
         <name>fixdul.obj</name>
      </input_file>
      <input_file id="fl-2c">
         <path>C:\ti\ccsv6\tools\compiler\c5500_4.4.1\lib\</path>
         <kind>archive</kind>
         <file>rts55h.lib</file>
         <name>fltid.obj</name>
      </input_file>
      <input_file id="fl-2d">
         <path>C:\ti\ccsv6\tools\compiler\c5500_4.4.1\lib\</path>
         <kind>archive</kind>
         <file>rts55h.lib</file>
         <name>fltlid.obj</name>
      </input_file>
      <input_file id="fl-2e">
         <path>C:\ti\ccsv6\tools\compiler\c5500_4.4.1\lib\</path>
         <kind>archive</kind>
         <file>rts55h.lib</file>
         <name>fltud.obj</name>
      </input_file>
      <input_file id="fl-2f">
         <path>C:\ti\ccsv6\tools\compiler\c5500_4.4.1\lib\</path>
         <kind>archive</kind>
         <file>rts55h.lib</file>
         <name>fltuld.obj</name>
      </input_file>
      <input_file id="fl-30">
         <path>C:\ti\ccsv6\tools\compiler\c5500_4.4.1\lib\</path>
         <kind>archive</kind>
         <file>rts55h.lib</file>
         <name>frcmpyd_div.obj</name>
      </input_file>
      <input_file id="fl-31">
         <path>C:\ti\ccsv6\tools\compiler\c5500_4.4.1\lib\</path>
         <kind>archive</kind>
         <file>rts55h.lib</file>
         <name>idiv.obj</name>
      </input_file>
      <input_file id="fl-32">
         <path>C:\ti\ccsv6\tools\compiler\c5500_4.4.1\lib\</path>
         <kind>archive</kind>
         <file>rts55h.lib</file>
         <name>lmpy.obj</name>
      </input_file>
      <input_file id="fl-33">
         <path>C:\ti\ccsv6\tools\compiler\c5500_4.4.1\lib\</path>
         <kind>archive</kind>
         <file>rts55h.lib</file>
         <name>mpyd.obj</name>
      </input_file>
      <input_file id="fl-34">
         <path>C:\ti\ccsv6\tools\compiler\c5500_4.4.1\lib\</path>
         <kind>archive</kind>
         <file>rts55h.lib</file>
         <name>negd.obj</name>
      </input_file>
      <input_file id="fl-35">
         <path>C:\ti\ccsv6\tools\compiler\c5500_4.4.1\lib\</path>
         <kind>archive</kind>
         <file>rts55h.lib</file>
         <name>pow.obj</name>
      </input_file>
      <input_file id="fl-36">
         <path>C:\ti\ccsv6\tools\compiler\c5500_4.4.1\lib\</path>
         <kind>archive</kind>
         <file>rts55h.lib</file>
         <name>printf.obj</name>
      </input_file>
      <input_file id="fl-37">
         <path>C:\ti\ccsv6\tools\compiler\c5500_4.4.1\lib\</path>
         <kind>archive</kind>
         <file>rts55h.lib</file>
         <name>remli.obj</name>
      </input_file>
      <input_file id="fl-38">
         <path>C:\ti\ccsv6\tools\compiler\c5500_4.4.1\lib\</path>
         <kind>archive</kind>
         <file>rts55h.lib</file>
         <name>remul.obj</name>
      </input_file>
      <input_file id="fl-39">
         <path>C:\ti\ccsv6\tools\compiler\c5500_4.4.1\lib\</path>
         <kind>archive</kind>
         <file>rts55h.lib</file>
         <name>round.obj</name>
      </input_file>
      <input_file id="fl-3a">
         <path>C:\ti\ccsv6\tools\compiler\c5500_4.4.1\lib\</path>
         <kind>archive</kind>
         <file>rts55h.lib</file>
         <name>sqrt.obj</name>
      </input_file>
      <input_file id="fl-3b">
         <path>C:\ti\ccsv6\tools\compiler\c5500_4.4.1\lib\</path>
         <kind>archive</kind>
         <file>rts55h.lib</file>
         <name>strlen.obj</name>
      </input_file>
      <input_file id="fl-3c">
         <path>C:\ti\ccsv6\tools\compiler\c5500_4.4.1\lib\</path>
         <kind>archive</kind>
         <file>rts55h.lib</file>
         <name>subd.obj</name>
      </input_file>
      <input_file id="fl-3d">
         <path>C:\ti\ccsv6\tools\compiler\c5500_4.4.1\lib\</path>
         <kind>archive</kind>
         <file>rts55h.lib</file>
         <name>trunc.obj</name>
      </input_file>
      <input_file id="fl-3e">
         <path>C:\ti\ccsv6\tools\compiler\c5500_4.4.1\lib\</path>
         <kind>archive</kind>
         <file>rts55h.lib</file>
         <name>udiv.obj</name>
      </input_file>
      <input_file id="fl-3f">
         <path>C:\ti\ccsv6\tools\compiler\c5500_4.4.1\lib\</path>
         <kind>archive</kind>
         <file>rts55h.lib</file>
         <name>vectors.obj</name>
      </input_file>
      <input_file id="fl-40">
         <path>C:\ti\ccsv6\tools\compiler\c5500_4.4.1\lib\</path>
         <kind>archive</kind>
         <file>rts55h.lib</file>
         <name>_lock.obj</name>
      </input_file>
      <input_file id="fl-41">
         <path>C:\ti\ccsv6\tools\compiler\c5500_4.4.1\lib\</path>
         <kind>archive</kind>
         <file>rts55h.lib</file>
         <name>_printfi.obj</name>
      </input_file>
      <input_file id="fl-42">
         <path>C:\ti\ccsv6\tools\compiler\c5500_4.4.1\lib\</path>
         <kind>archive</kind>
         <file>rts55h.lib</file>
         <name>args_main.obj</name>
      </input_file>
      <input_file id="fl-43">
         <path>C:\ti\ccsv6\tools\compiler\c5500_4.4.1\lib\</path>
         <kind>archive</kind>
         <file>rts55h.lib</file>
         <name>atoi.obj</name>
      </input_file>
      <input_file id="fl-44">
         <path>C:\ti\ccsv6\tools\compiler\c5500_4.4.1\lib\</path>
         <kind>archive</kind>
         <file>rts55h.lib</file>
         <name>autoinit.obj</name>
      </input_file>
      <input_file id="fl-45">
         <path>C:\ti\ccsv6\tools\compiler\c5500_4.4.1\lib\</path>
         <kind>archive</kind>
         <file>rts55h.lib</file>
         <name>ctype.obj</name>
      </input_file>
      <input_file id="fl-46">
         <path>C:\ti\ccsv6\tools\compiler\c5500_4.4.1\lib\</path>
         <kind>archive</kind>
         <file>rts55h.lib</file>
         <name>defs.obj</name>
      </input_file>
      <input_file id="fl-47">
         <path>C:\ti\ccsv6\tools\compiler\c5500_4.4.1\lib\</path>
         <kind>archive</kind>
         <file>rts55h.lib</file>
         <name>errno.obj</name>
      </input_file>
      <input_file id="fl-48">
         <path>C:\ti\ccsv6\tools\compiler\c5500_4.4.1\lib\</path>
         <kind>archive</kind>
         <file>rts55h.lib</file>
         <name>fputc.obj</name>
      </input_file>
      <input_file id="fl-49">
         <path>C:\ti\ccsv6\tools\compiler\c5500_4.4.1\lib\</path>
         <kind>archive</kind>
         <file>rts55h.lib</file>
         <name>fputs.obj</name>
      </input_file>
      <input_file id="fl-4a">
         <path>C:\ti\ccsv6\tools\compiler\c5500_4.4.1\lib\</path>
         <kind>archive</kind>
         <file>rts55h.lib</file>
         <name>frcmpyd.obj</name>
      </input_file>
      <input_file id="fl-4b">
         <path>C:\ti\ccsv6\tools\compiler\c5500_4.4.1\lib\</path>
         <kind>archive</kind>
         <file>rts55h.lib</file>
         <name>frexp.obj</name>
      </input_file>
      <input_file id="fl-4c">
         <path>C:\ti\ccsv6\tools\compiler\c5500_4.4.1\lib\</path>
         <kind>archive</kind>
         <file>rts55h.lib</file>
         <name>isinf.obj</name>
      </input_file>
      <input_file id="fl-4d">
         <path>C:\ti\ccsv6\tools\compiler\c5500_4.4.1\lib\</path>
         <kind>archive</kind>
         <file>rts55h.lib</file>
         <name>ldexp.obj</name>
      </input_file>
      <input_file id="fl-4e">
         <path>C:\ti\ccsv6\tools\compiler\c5500_4.4.1\lib\</path>
         <kind>archive</kind>
         <file>rts55h.lib</file>
         <name>llmpy.obj</name>
      </input_file>
      <input_file id="fl-4f">
         <path>C:\ti\ccsv6\tools\compiler\c5500_4.4.1\lib\</path>
         <kind>archive</kind>
         <file>rts55h.lib</file>
         <name>lowlev.obj</name>
      </input_file>
      <input_file id="fl-50">
         <path>C:\ti\ccsv6\tools\compiler\c5500_4.4.1\lib\</path>
         <kind>archive</kind>
         <file>rts55h.lib</file>
         <name>ltoa.obj</name>
      </input_file>
      <input_file id="fl-51">
         <path>C:\ti\ccsv6\tools\compiler\c5500_4.4.1\lib\</path>
         <kind>archive</kind>
         <file>rts55h.lib</file>
         <name>memccpy.obj</name>
      </input_file>
      <input_file id="fl-52">
         <path>C:\ti\ccsv6\tools\compiler\c5500_4.4.1\lib\</path>
         <kind>archive</kind>
         <file>rts55h.lib</file>
         <name>memcpy.obj</name>
      </input_file>
      <input_file id="fl-53">
         <path>C:\ti\ccsv6\tools\compiler\c5500_4.4.1\lib\</path>
         <kind>archive</kind>
         <file>rts55h.lib</file>
         <name>modf.obj</name>
      </input_file>
      <input_file id="fl-54">
         <path>C:\ti\ccsv6\tools\compiler\c5500_4.4.1\lib\</path>
         <kind>archive</kind>
         <file>rts55h.lib</file>
         <name>trgdrv.obj</name>
      </input_file>
      <input_file id="fl-55">
         <path>C:\ti\ccsv6\tools\compiler\c5500_4.4.1\lib\</path>
         <kind>archive</kind>
         <file>rts55h.lib</file>
         <name>trgmsg.obj</name>
      </input_file>
      <input_file id="fl-56">
         <path>C:\ti\ccsv6\tools\compiler\c5500_4.4.1\lib\</path>
         <kind>archive</kind>
         <file>rts55h.lib</file>
         <name>_io_perm.obj</name>
      </input_file>
      <input_file id="fl-57">
         <path>C:\ti\ccsv6\tools\compiler\c5500_4.4.1\lib\</path>
         <kind>archive</kind>
         <file>rts55h.lib</file>
         <name>fflush.obj</name>
      </input_file>
      <input_file id="fl-58">
         <path>C:\ti\ccsv6\tools\compiler\c5500_4.4.1\lib\</path>
         <kind>archive</kind>
         <file>rts55h.lib</file>
         <name>fseek.obj</name>
      </input_file>
      <input_file id="fl-59">
         <path>C:\ti\ccsv6\tools\compiler\c5500_4.4.1\lib\</path>
         <kind>archive</kind>
         <file>rts55h.lib</file>
         <name>setvbuf.obj</name>
      </input_file>
      <input_file id="fl-5a">
         <path>C:\ti\ccsv6\tools\compiler\c5500_4.4.1\lib\</path>
         <kind>archive</kind>
         <file>rts55h.lib</file>
         <name>fopen.obj</name>
      </input_file>
      <input_file id="fl-5b">
         <path>C:\ti\ccsv6\tools\compiler\c5500_4.4.1\lib\</path>
         <kind>archive</kind>
         <file>rts55h.lib</file>
         <name>memory.obj</name>
      </input_file>
      <input_file id="fl-5c">
         <path>C:\ti\ccsv6\tools\compiler\c5500_4.4.1\lib\</path>
         <kind>archive</kind>
         <file>rts55h.lib</file>
         <name>fclose.obj</name>
      </input_file>
      <input_file id="fl-5d">
         <path>C:\ti\ccsv6\tools\compiler\c5500_4.4.1\lib\</path>
         <kind>archive</kind>
         <file>rts55h.lib</file>
         <name>remove.obj</name>
      </input_file>
   </input_file_list>
   <object_component_list>
      <object_component id="oc-11f">
         <name>vectors</name>
         <load_address>0xf980</load_address>
         <run_address>0xf980</run_address>
         <size>0x100</size>
         <input_file_ref idref="fl-3f"/>
      </object_component>
      <object_component id="oc-1e">
         <name>.bss</name>
         <uninitialized>true</uninitialized>
         <run_address>0x9f5c</run_address>
         <size>0x8</size>
         <input_file_ref idref="fl-4"/>
      </object_component>
      <object_component id="oc-23">
         <name>.bss</name>
         <uninitialized>true</uninitialized>
         <run_address>0x9ef8</run_address>
         <size>0x2c</size>
         <input_file_ref idref="fl-5"/>
      </object_component>
      <object_component id="oc-39">
         <name>.bss</name>
         <uninitialized>true</uninitialized>
         <run_address>0x999a</run_address>
         <size>0x2</size>
         <input_file_ref idref="fl-9"/>
      </object_component>
      <object_component id="oc-54">
         <name>.bss</name>
         <uninitialized>true</uninitialized>
         <run_address>0xc0</run_address>
         <size>0x735a</size>
         <input_file_ref idref="fl-f"/>
      </object_component>
      <object_component id="oc-6e">
         <name>.bss</name>
         <uninitialized>true</uninitialized>
         <run_address>0x9ec8</run_address>
         <size>0x2e</size>
         <input_file_ref idref="fl-13"/>
      </object_component>
      <object_component id="oc-79">
         <name>.bss</name>
         <uninitialized>true</uninitialized>
         <run_address>0x741a</run_address>
         <size>0x2580</size>
         <input_file_ref idref="fl-16"/>
      </object_component>
      <object_component id="oc-7d">
         <name>.bss</name>
         <uninitialized>true</uninitialized>
         <run_address>0x9f24</run_address>
         <size>0x28</size>
         <input_file_ref idref="fl-17"/>
      </object_component>
      <object_component id="oc-84">
         <name>.bss</name>
         <uninitialized>true</uninitialized>
         <run_address>0x9f74</run_address>
         <size>0x6</size>
         <input_file_ref idref="fl-18"/>
      </object_component>
      <object_component id="oc-b4">
         <name>.bss</name>
         <uninitialized>true</uninitialized>
         <run_address>0x9f6c</run_address>
         <size>0x8</size>
         <input_file_ref idref="fl-27"/>
      </object_component>
      <object_component id="oc-f1">
         <name>.bss</name>
         <uninitialized>true</uninitialized>
         <run_address>0x9e54</run_address>
         <size>0x74</size>
         <input_file_ref idref="fl-35"/>
      </object_component>
      <object_component id="oc-124">
         <name>.bss</name>
         <uninitialized>true</uninitialized>
         <run_address>0x9f64</run_address>
         <size>0x8</size>
         <input_file_ref idref="fl-40"/>
      </object_component>
      <object_component id="oc-13d">
         <name>.bss</name>
         <uninitialized>true</uninitialized>
         <run_address>0x999c</run_address>
         <size>0x232</size>
         <input_file_ref idref="fl-46"/>
      </object_component>
      <object_component id="oc-141">
         <name>.bss</name>
         <uninitialized>true</uninitialized>
         <run_address>0x9d6e</run_address>
         <size>0x2</size>
         <input_file_ref idref="fl-47"/>
      </object_component>
      <object_component id="oc-165">
         <name>.bss</name>
         <uninitialized>true</uninitialized>
         <run_address>0x9d70</run_address>
         <size>0xe2</size>
         <input_file_ref idref="fl-4f"/>
      </object_component>
      <object_component id="oc-17c">
         <name>.bss</name>
         <uninitialized>true</uninitialized>
         <run_address>0x9bce</run_address>
         <size>0x1a0</size>
         <input_file_ref idref="fl-54"/>
      </object_component>
      <object_component id="oc-197">
         <name>.bss</name>
         <uninitialized>true</uninitialized>
         <run_address>0x9e52</run_address>
         <size>0x2</size>
         <input_file_ref idref="fl-5a"/>
      </object_component>
      <object_component id="oc-19d">
         <name>.bss</name>
         <uninitialized>true</uninitialized>
         <run_address>0x9f4c</run_address>
         <size>0xe</size>
         <input_file_ref idref="fl-5b"/>
      </object_component>
      <object_component id="oc-96">
         <name>vector</name>
         <load_address>0xd300</load_address>
         <run_address>0xd300</run_address>
         <size>0x100</size>
         <input_file_ref idref="fl-1c"/>
      </object_component>
      <object_component id="oc-9f">
         <name>.stack</name>
         <uninitialized>true</uninitialized>
         <run_address>0xc820</run_address>
         <size>0x0</size>
         <input_file_ref idref="fl-22"/>
      </object_component>
      <object_component id="oc-1d8">
         <name>.stack</name>
         <uninitialized>true</uninitialized>
         <run_address>0xc820</run_address>
         <size>0x0</size>
      </object_component>
      <object_component id="oc-1b4">
         <name>.sysstack</name>
         <uninitialized>true</uninitialized>
         <run_address>0xcc08</run_address>
         <size>0x0</size>
         <input_file_ref idref="fl-22"/>
      </object_component>
      <object_component id="oc-1da">
         <name>.sysstack</name>
         <uninitialized>true</uninitialized>
         <run_address>0xcc08</run_address>
         <size>0x0</size>
      </object_component>
      <object_component id="oc-1a0">
         <name>.sysmem</name>
         <uninitialized>true</uninitialized>
         <run_address>0xc41e</run_address>
         <size>0x0</size>
         <input_file_ref idref="fl-5b"/>
      </object_component>
      <object_component id="oc-1d9">
         <name>.sysmem</name>
         <uninitialized>true</uninitialized>
         <run_address>0xc41e</run_address>
         <size>0x0</size>
      </object_component>
      <object_component id="oc-53">
         <name>.text</name>
         <load_address>0x10000</load_address>
         <run_address>0x10000</run_address>
         <size>0x9a2b</size>
         <input_file_ref idref="fl-f"/>
      </object_component>
      <object_component id="oc-5a">
         <name>.text:retain</name>
         <load_address>0x19a2b</load_address>
         <run_address>0x19a2b</run_address>
         <size>0x3880</size>
         <input_file_ref idref="fl-f"/>
      </object_component>
      <object_component id="oc-129">
         <name>.text</name>
         <load_address>0x1d2ab</load_address>
         <run_address>0x1d2ab</run_address>
         <size>0x1533</size>
         <input_file_ref idref="fl-41"/>
      </object_component>
      <object_component id="oc-6d">
         <name>.text</name>
         <load_address>0x1e7de</load_address>
         <run_address>0x1e7de</run_address>
         <size>0x5d2</size>
         <input_file_ref idref="fl-13"/>
      </object_component>
      <object_component id="oc-f0">
         <name>.text</name>
         <load_address>0x1edb0</load_address>
         <run_address>0x1edb0</run_address>
         <size>0x5a3</size>
         <input_file_ref idref="fl-35"/>
      </object_component>
      <object_component id="oc-17b">
         <name>.text</name>
         <load_address>0x1f353</load_address>
         <run_address>0x1f353</run_address>
         <size>0x538</size>
         <input_file_ref idref="fl-54"/>
      </object_component>
      <object_component id="oc-19c">
         <name>.text</name>
         <load_address>0x1f88b</load_address>
         <run_address>0x1f88b</run_address>
         <size>0x533</size>
         <input_file_ref idref="fl-5b"/>
      </object_component>
      <object_component id="oc-68">
         <name>.text</name>
         <load_address>0x1fdbe</load_address>
         <run_address>0x1fdbe</run_address>
         <size>0x527</size>
         <input_file_ref idref="fl-12"/>
      </object_component>
      <object_component id="oc-164">
         <name>.text</name>
         <load_address>0x202e5</load_address>
         <run_address>0x202e5</run_address>
         <size>0x518</size>
         <input_file_ref idref="fl-4f"/>
      </object_component>
      <object_component id="oc-a7">
         <name>.text</name>
         <load_address>0x207fd</load_address>
         <run_address>0x207fd</run_address>
         <size>0x3c7</size>
         <input_file_ref idref="fl-24"/>
      </object_component>
      <object_component id="oc-3f">
         <name>.text</name>
         <load_address>0x20bc4</load_address>
         <run_address>0x20bc4</run_address>
         <size>0x298</size>
         <input_file_ref idref="fl-a"/>
      </object_component>
      <object_component id="oc-15">
         <name>.text</name>
         <load_address>0x20e5c</load_address>
         <run_address>0x20e5c</run_address>
         <size>0x285</size>
         <input_file_ref idref="fl-2"/>
      </object_component>
      <object_component id="oc-196">
         <name>.text</name>
         <load_address>0x210e1</load_address>
         <run_address>0x210e1</run_address>
         <size>0x26c</size>
         <input_file_ref idref="fl-5a"/>
      </object_component>
      <object_component id="oc-160">
         <name>.text</name>
         <load_address>0x2134d</load_address>
         <run_address>0x2134d</run_address>
         <size>0x25c</size>
         <input_file_ref idref="fl-4e"/>
      </object_component>
      <object_component id="oc-9a">
         <name>.text</name>
         <load_address>0x215a9</load_address>
         <run_address>0x215a9</run_address>
         <size>0x257</size>
         <input_file_ref idref="fl-21"/>
      </object_component>
      <object_component id="oc-43">
         <name>.text</name>
         <load_address>0x21800</load_address>
         <run_address>0x21800</run_address>
         <size>0x1fe</size>
         <input_file_ref idref="fl-b"/>
      </object_component>
      <object_component id="oc-1d">
         <name>.text</name>
         <load_address>0x219fe</load_address>
         <run_address>0x219fe</run_address>
         <size>0x1ee</size>
         <input_file_ref idref="fl-4"/>
      </object_component>
      <object_component id="oc-a3">
         <name>.text</name>
         <load_address>0x21bec</load_address>
         <run_address>0x21bec</run_address>
         <size>0x1ea</size>
         <input_file_ref idref="fl-23"/>
      </object_component>
      <object_component id="oc-26">
         <name>.text:retain</name>
         <load_address>0x21dd6</load_address>
         <run_address>0x21dd6</run_address>
         <size>0x1be</size>
         <input_file_ref idref="fl-5"/>
      </object_component>
      <object_component id="oc-149">
         <name>.text</name>
         <load_address>0x21f94</load_address>
         <run_address>0x21f94</run_address>
         <size>0x17b</size>
         <input_file_ref idref="fl-49"/>
      </object_component>
      <object_component id="oc-2f">
         <name>.text</name>
         <load_address>0x2210f</load_address>
         <run_address>0x2210f</run_address>
         <size>0x164</size>
         <input_file_ref idref="fl-7"/>
      </object_component>
      <object_component id="oc-e8">
         <name>.text</name>
         <load_address>0x22273</load_address>
         <run_address>0x22273</run_address>
         <size>0x14b</size>
         <input_file_ref idref="fl-33"/>
      </object_component>
      <object_component id="oc-22">
         <name>.text</name>
         <load_address>0x223be</load_address>
         <run_address>0x223be</run_address>
         <size>0x145</size>
         <input_file_ref idref="fl-5"/>
      </object_component>
      <object_component id="oc-83">
         <name>.text</name>
         <load_address>0x22503</load_address>
         <run_address>0x22503</run_address>
         <size>0x124</size>
         <input_file_ref idref="fl-18"/>
      </object_component>
      <object_component id="oc-108">
         <name>.text</name>
         <load_address>0x22627</load_address>
         <run_address>0x22627</run_address>
         <size>0x117</size>
         <input_file_ref idref="fl-3a"/>
      </object_component>
      <object_component id="oc-8c">
         <name>.text:retain</name>
         <load_address>0x2273e</load_address>
         <run_address>0x2273e</run_address>
         <size>0x115</size>
         <input_file_ref idref="fl-19"/>
      </object_component>
      <object_component id="oc-192">
         <name>.text</name>
         <load_address>0x22853</load_address>
         <run_address>0x22853</run_address>
         <size>0xf3</size>
         <input_file_ref idref="fl-59"/>
      </object_component>
      <object_component id="oc-15b">
         <name>.text</name>
         <load_address>0x22946</load_address>
         <run_address>0x22946</run_address>
         <size>0xee</size>
         <input_file_ref idref="fl-4d"/>
      </object_component>
      <object_component id="oc-49">
         <name>.text</name>
         <load_address>0x22a34</load_address>
         <run_address>0x22a34</run_address>
         <size>0xe0</size>
         <input_file_ref idref="fl-c"/>
      </object_component>
      <object_component id="oc-19">
         <name>.text:cbrev</name>
         <load_address>0x22b14</load_address>
         <run_address>0x22b14</run_address>
         <size>0xde</size>
         <input_file_ref idref="fl-3"/>
      </object_component>
      <object_component id="oc-186">
         <name>.text</name>
         <load_address>0x22bf2</load_address>
         <run_address>0x22bf2</run_address>
         <size>0xda</size>
         <input_file_ref idref="fl-56"/>
      </object_component>
      <object_component id="oc-152">
         <name>.text</name>
         <load_address>0x22ccc</load_address>
         <run_address>0x22ccc</run_address>
         <size>0xcb</size>
         <input_file_ref idref="fl-4b"/>
      </object_component>
      <object_component id="oc-183">
         <name>.text:CIO_breakpoint</name>
         <load_address>0x22d97</load_address>
         <run_address>0x22d97</run_address>
         <size>0xbe</size>
         <input_file_ref idref="fl-55"/>
      </object_component>
      <object_component id="oc-176">
         <name>.text</name>
         <load_address>0x22e55</load_address>
         <run_address>0x22e55</run_address>
         <size>0xbd</size>
         <input_file_ref idref="fl-53"/>
      </object_component>
      <object_component id="oc-18a">
         <name>.text</name>
         <load_address>0x22f12</load_address>
         <run_address>0x22f12</run_address>
         <size>0xba</size>
         <input_file_ref idref="fl-57"/>
      </object_component>
      <object_component id="oc-7c">
         <name>.text</name>
         <load_address>0x22fcc</load_address>
         <run_address>0x22fcc</run_address>
         <size>0xaa</size>
         <input_file_ref idref="fl-17"/>
      </object_component>
      <object_component id="oc-145">
         <name>.text</name>
         <load_address>0x23076</load_address>
         <run_address>0x23076</run_address>
         <size>0xa2</size>
         <input_file_ref idref="fl-48"/>
      </object_component>
      <object_component id="oc-af">
         <name>.text</name>
         <load_address>0x23118</load_address>
         <run_address>0x23118</run_address>
         <size>0xa0</size>
         <input_file_ref idref="fl-26"/>
      </object_component>
      <object_component id="oc-4d">
         <name>.text</name>
         <load_address>0x231b8</load_address>
         <run_address>0x231b8</run_address>
         <size>0x8c</size>
         <input_file_ref idref="fl-d"/>
      </object_component>
      <object_component id="oc-16a">
         <name>.text</name>
         <load_address>0x23244</load_address>
         <run_address>0x23244</run_address>
         <size>0x79</size>
         <input_file_ref idref="fl-50"/>
      </object_component>
      <object_component id="oc-1a3">
         <name>.text</name>
         <load_address>0x232bd</load_address>
         <run_address>0x232bd</run_address>
         <size>0x76</size>
         <input_file_ref idref="fl-5c"/>
      </object_component>
      <object_component id="oc-c6">
         <name>.text</name>
         <load_address>0x23333</load_address>
         <run_address>0x23333</run_address>
         <size>0x76</size>
         <input_file_ref idref="fl-2b"/>
      </object_component>
      <object_component id="oc-14e">
         <name>.text</name>
         <load_address>0x233a9</load_address>
         <run_address>0x233a9</run_address>
         <size>0x76</size>
         <input_file_ref idref="fl-4a"/>
      </object_component>
      <object_component id="oc-dc">
         <name>.text</name>
         <load_address>0x2341f</load_address>
         <run_address>0x2341f</run_address>
         <size>0x73</size>
         <input_file_ref idref="fl-30"/>
      </object_component>
      <object_component id="oc-ff">
         <name>.text</name>
         <load_address>0x23492</load_address>
         <run_address>0x23492</run_address>
         <size>0x70</size>
         <input_file_ref idref="fl-38"/>
      </object_component>
      <object_component id="oc-be">
         <name>.text</name>
         <load_address>0x23502</load_address>
         <run_address>0x23502</run_address>
         <size>0x6e</size>
         <input_file_ref idref="fl-29"/>
      </object_component>
      <object_component id="oc-34">
         <name>.text</name>
         <load_address>0x23570</load_address>
         <run_address>0x23570</run_address>
         <size>0x6b</size>
         <input_file_ref idref="fl-8"/>
      </object_component>
      <object_component id="oc-180">
         <name>.text</name>
         <load_address>0x235db</load_address>
         <run_address>0x235db</run_address>
         <size>0x6b</size>
         <input_file_ref idref="fl-55"/>
      </object_component>
      <object_component id="oc-18e">
         <name>.text</name>
         <load_address>0x23646</load_address>
         <run_address>0x23646</run_address>
         <size>0x68</size>
         <input_file_ref idref="fl-58"/>
      </object_component>
      <object_component id="oc-ce">
         <name>.text</name>
         <load_address>0x236ae</load_address>
         <run_address>0x236ae</run_address>
         <size>0x67</size>
         <input_file_ref idref="fl-2d"/>
      </object_component>
      <object_component id="oc-103">
         <name>.text</name>
         <load_address>0x23715</load_address>
         <run_address>0x23715</run_address>
         <size>0x60</size>
         <input_file_ref idref="fl-39"/>
      </object_component>
      <object_component id="oc-d7">
         <name>.text</name>
         <load_address>0x23775</load_address>
         <run_address>0x23775</run_address>
         <size>0x5b</size>
         <input_file_ref idref="fl-2f"/>
      </object_component>
      <object_component id="oc-133">
         <name>.text</name>
         <load_address>0x237d0</load_address>
         <run_address>0x237d0</run_address>
         <size>0x59</size>
         <input_file_ref idref="fl-43"/>
      </object_component>
      <object_component id="oc-172">
         <name>.text</name>
         <load_address>0x23829</load_address>
         <run_address>0x23829</run_address>
         <size>0x56</size>
         <input_file_ref idref="fl-52"/>
      </object_component>
      <object_component id="oc-2a">
         <name>.text</name>
         <load_address>0x2387f</load_address>
         <run_address>0x2387f</run_address>
         <size>0x54</size>
         <input_file_ref idref="fl-6"/>
      </object_component>
      <object_component id="oc-91">
         <name>.text</name>
         <load_address>0x238d3</load_address>
         <run_address>0x238d3</run_address>
         <size>0x54</size>
         <input_file_ref idref="fl-1b"/>
      </object_component>
      <object_component id="oc-38">
         <name>.text</name>
         <load_address>0x23927</load_address>
         <run_address>0x23927</run_address>
         <size>0x53</size>
         <input_file_ref idref="fl-9"/>
      </object_component>
      <object_component id="oc-75">
         <name>.text</name>
         <load_address>0x2397a</load_address>
         <run_address>0x2397a</run_address>
         <size>0x50</size>
         <input_file_ref idref="fl-15"/>
      </object_component>
      <object_component id="oc-f7">
         <name>.text</name>
         <load_address>0x239ca</load_address>
         <run_address>0x239ca</run_address>
         <size>0x4e</size>
         <input_file_ref idref="fl-36"/>
      </object_component>
      <object_component id="oc-137">
         <name>.text</name>
         <load_address>0x23a18</load_address>
         <run_address>0x23a18</run_address>
         <size>0x4d</size>
         <input_file_ref idref="fl-44"/>
      </object_component>
      <object_component id="oc-fb">
         <name>.text</name>
         <load_address>0x23a65</load_address>
         <run_address>0x23a65</run_address>
         <size>0x4b</size>
         <input_file_ref idref="fl-37"/>
      </object_component>
      <object_component id="oc-12f">
         <name>.text</name>
         <load_address>0x23ab0</load_address>
         <run_address>0x23ab0</run_address>
         <size>0x49</size>
         <input_file_ref idref="fl-42"/>
      </object_component>
      <object_component id="oc-ab">
         <name>.text</name>
         <load_address>0x23af9</load_address>
         <run_address>0x23af9</run_address>
         <size>0x48</size>
         <input_file_ref idref="fl-25"/>
      </object_component>
      <object_component id="oc-115">
         <name>.text</name>
         <load_address>0x23b41</load_address>
         <run_address>0x23b41</run_address>
         <size>0x42</size>
         <input_file_ref idref="fl-3d"/>
      </object_component>
      <object_component id="oc-14">
         <name>.text</name>
         <load_address>0x23b84</load_address>
         <run_address>0x23b84</run_address>
         <size>0x42</size>
         <input_file_ref idref="fl-1c"/>
      </object_component>
      <object_component id="oc-b3">
         <name>.text</name>
         <load_address>0x23bc6</load_address>
         <run_address>0x23bc6</run_address>
         <size>0x3e</size>
         <input_file_ref idref="fl-27"/>
      </object_component>
      <object_component id="oc-e0">
         <name>.text</name>
         <load_address>0x23c04</load_address>
         <run_address>0x23c04</run_address>
         <size>0x3c</size>
         <input_file_ref idref="fl-31"/>
      </object_component>
      <object_component id="oc-9e">
         <name>.text</name>
         <load_address>0x23c40</load_address>
         <run_address>0x23c40</run_address>
         <size>0x34</size>
         <input_file_ref idref="fl-22"/>
      </object_component>
      <object_component id="oc-64">
         <name>.text</name>
         <load_address>0x23c74</load_address>
         <run_address>0x23c74</run_address>
         <size>0x32</size>
         <input_file_ref idref="fl-11"/>
      </object_component>
      <object_component id="oc-60">
         <name>.text</name>
         <load_address>0x23ca6</load_address>
         <run_address>0x23ca6</run_address>
         <size>0x30</size>
         <input_file_ref idref="fl-10"/>
      </object_component>
      <object_component id="oc-ba">
         <name>.text</name>
         <load_address>0x23cd6</load_address>
         <run_address>0x23cd6</run_address>
         <size>0x2a</size>
         <input_file_ref idref="fl-28"/>
      </object_component>
      <object_component id="oc-11a">
         <name>.text</name>
         <load_address>0x23d00</load_address>
         <run_address>0x23d00</run_address>
         <size>0x2a</size>
         <input_file_ref idref="fl-3e"/>
      </object_component>
      <object_component id="oc-8a">
         <name>.text</name>
         <load_address>0x23d2a</load_address>
         <run_address>0x23d2a</run_address>
         <size>0x2a</size>
         <input_file_ref idref="fl-19"/>
      </object_component>
      <object_component id="oc-16e">
         <name>.text</name>
         <load_address>0x23d54</load_address>
         <run_address>0x23d54</run_address>
         <size>0x22</size>
         <input_file_ref idref="fl-51"/>
      </object_component>
      <object_component id="oc-c2">
         <name>.text</name>
         <load_address>0x23d76</load_address>
         <run_address>0x23d76</run_address>
         <size>0x1b</size>
         <input_file_ref idref="fl-2a"/>
      </object_component>
      <object_component id="oc-157">
         <name>.text</name>
         <load_address>0x23d91</load_address>
         <run_address>0x23d91</run_address>
         <size>0x1a</size>
         <input_file_ref idref="fl-4c"/>
      </object_component>
      <object_component id="oc-10d">
         <name>.text</name>
         <load_address>0x23dab</load_address>
         <run_address>0x23dab</run_address>
         <size>0x15</size>
         <input_file_ref idref="fl-3b"/>
      </object_component>
      <object_component id="oc-111">
         <name>.text</name>
         <load_address>0x23dc0</load_address>
         <run_address>0x23dc0</run_address>
         <size>0x14</size>
         <input_file_ref idref="fl-3c"/>
      </object_component>
      <object_component id="oc-e4">
         <name>.text</name>
         <load_address>0x23dd4</load_address>
         <run_address>0x23dd4</run_address>
         <size>0x13</size>
         <input_file_ref idref="fl-32"/>
      </object_component>
      <object_component id="oc-123">
         <name>.text</name>
         <load_address>0x23de7</load_address>
         <run_address>0x23de7</run_address>
         <size>0x12</size>
         <input_file_ref idref="fl-40"/>
      </object_component>
      <object_component id="oc-ec">
         <name>.text</name>
         <load_address>0x23df9</load_address>
         <run_address>0x23df9</run_address>
         <size>0x10</size>
         <input_file_ref idref="fl-34"/>
      </object_component>
      <object_component id="oc-d3">
         <name>.text</name>
         <load_address>0x23e09</load_address>
         <run_address>0x23e09</run_address>
         <size>0xe</size>
         <input_file_ref idref="fl-2e"/>
      </object_component>
      <object_component id="oc-ca">
         <name>.text</name>
         <load_address>0x23e17</load_address>
         <run_address>0x23e17</run_address>
         <size>0xc</size>
         <input_file_ref idref="fl-2c"/>
      </object_component>
      <object_component id="oc-1a7">
         <name>.text</name>
         <load_address>0x23e23</load_address>
         <run_address>0x23e23</run_address>
         <size>0xa</size>
         <input_file_ref idref="fl-5d"/>
      </object_component>
      <object_component id="oc-b7">
         <name>.text:CIO_breakpoint</name>
         <load_address>0x23e2d</load_address>
         <run_address>0x23e2d</run_address>
         <size>0x7</size>
         <input_file_ref idref="fl-27"/>
      </object_component>
      <object_component id="oc-11e">
         <name>.text</name>
         <load_address>0x23e34</load_address>
         <run_address>0x23e34</run_address>
         <size>0x2</size>
         <input_file_ref idref="fl-3f"/>
      </object_component>
      <object_component id="oc-90">
         <name>.data:twiddle</name>
         <load_address>0x338a8</load_address>
         <run_address>0x338a8</run_address>
         <size>0x2000</size>
         <input_file_ref idref="fl-1a"/>
      </object_component>
      <object_component id="oc-56">
         <name>.cinit</name>
         <load_address>0x9f7a</load_address>
         <run_address>0x9f7a</run_address>
         <size>0x22c8</size>
         <input_file_ref idref="fl-f"/>
      </object_component>
      <object_component id="oc-f3">
         <name>.cinit</name>
         <load_address>0xc242</load_address>
         <run_address>0xc242</run_address>
         <size>0x8c</size>
         <input_file_ref idref="fl-35"/>
      </object_component>
      <object_component id="oc-167">
         <name>.cinit</name>
         <load_address>0xc2ce</load_address>
         <run_address>0xc2ce</run_address>
         <size>0x5a</size>
         <input_file_ref idref="fl-4f"/>
      </object_component>
      <object_component id="oc-13f">
         <name>.cinit</name>
         <load_address>0xc328</load_address>
         <run_address>0xc328</run_address>
         <size>0x54</size>
         <input_file_ref idref="fl-46"/>
      </object_component>
      <object_component id="oc-25">
         <name>.cinit</name>
         <load_address>0xc37c</load_address>
         <run_address>0xc37c</run_address>
         <size>0x30</size>
         <input_file_ref idref="fl-5"/>
      </object_component>
      <object_component id="oc-86">
         <name>.cinit</name>
         <load_address>0xc3ac</load_address>
         <run_address>0xc3ac</run_address>
         <size>0x18</size>
         <input_file_ref idref="fl-18"/>
      </object_component>
      <object_component id="oc-126">
         <name>.cinit</name>
         <load_address>0xc3c4</load_address>
         <run_address>0xc3c4</run_address>
         <size>0x14</size>
         <input_file_ref idref="fl-40"/>
      </object_component>
      <object_component id="oc-b6">
         <name>.cinit</name>
         <load_address>0xc3d8</load_address>
         <run_address>0xc3d8</run_address>
         <size>0x14</size>
         <input_file_ref idref="fl-27"/>
      </object_component>
      <object_component id="oc-7f">
         <name>.cinit</name>
         <load_address>0xc3ec</load_address>
         <run_address>0xc3ec</run_address>
         <size>0x10</size>
         <input_file_ref idref="fl-17"/>
      </object_component>
      <object_component id="oc-3b">
         <name>.cinit</name>
         <load_address>0xc3fc</load_address>
         <run_address>0xc3fc</run_address>
         <size>0x8</size>
         <input_file_ref idref="fl-9"/>
      </object_component>
      <object_component id="oc-143">
         <name>.cinit</name>
         <load_address>0xc404</load_address>
         <run_address>0xc404</run_address>
         <size>0x8</size>
         <input_file_ref idref="fl-47"/>
      </object_component>
      <object_component id="oc-199">
         <name>.cinit</name>
         <load_address>0xc40c</load_address>
         <run_address>0xc40c</run_address>
         <size>0x8</size>
         <input_file_ref idref="fl-5a"/>
      </object_component>
      <object_component id="oc-19f">
         <name>.cinit</name>
         <load_address>0xc414</load_address>
         <run_address>0xc414</run_address>
         <size>0x8</size>
         <input_file_ref idref="fl-5b"/>
      </object_component>
      <object_component id="oc-1ae">
         <name>.const:_FontRus16x28</name>
         <load_address>0x23e38</load_address>
         <run_address>0x23e38</run_address>
         <size>0x6208</size>
         <input_file_ref idref="fl-f"/>
      </object_component>
      <object_component id="oc-1ab">
         <name>.const:_Font16x24</name>
         <load_address>0x2a040</load_address>
         <run_address>0x2a040</run_address>
         <size>0x3e88</size>
         <input_file_ref idref="fl-f"/>
      </object_component>
      <object_component id="oc-1ac">
         <name>.const:_FontRus8x15</name>
         <load_address>0x2dec8</load_address>
         <run_address>0x2dec8</run_address>
         <size>0x1e08</size>
         <input_file_ref idref="fl-f"/>
      </object_component>
      <object_component id="oc-1af">
         <name>.const:_Num40x53</name>
         <load_address>0x2fcd0</load_address>
         <run_address>0x2fcd0</run_address>
         <size>0x1d04</size>
         <input_file_ref idref="fl-f"/>
      </object_component>
      <object_component id="oc-5c">
         <name>.const:.string</name>
         <load_address>0x319d4</load_address>
         <run_address>0x319d4</run_address>
         <size>0x1736</size>
         <input_file_ref idref="fl-f"/>
      </object_component>
      <object_component id="oc-1b0">
         <name>.const:_Num8x8</name>
         <load_address>0x3310a</load_address>
         <run_address>0x3310a</run_address>
         <size>0x208</size>
         <input_file_ref idref="fl-f"/>
      </object_component>
      <object_component id="oc-1b6">
         <name>.const:__ctypes_</name>
         <load_address>0x33312</load_address>
         <run_address>0x33312</run_address>
         <size>0x202</size>
         <input_file_ref idref="fl-45"/>
      </object_component>
      <object_component id="oc-1b2">
         <name>.const:_Num8x12</name>
         <load_address>0x33514</load_address>
         <run_address>0x33514</run_address>
         <size>0x170</size>
         <input_file_ref idref="fl-f"/>
      </object_component>
      <object_component id="oc-5b">
         <name>.const</name>
         <load_address>0x33684</load_address>
         <run_address>0x33684</run_address>
         <size>0x9c</size>
         <input_file_ref idref="fl-f"/>
      </object_component>
      <object_component id="oc-1ad">
         <name>.const:_FontRus16x27</name>
         <load_address>0x33720</load_address>
         <run_address>0x33720</run_address>
         <size>0x74</size>
         <input_file_ref idref="fl-f"/>
      </object_component>
      <object_component id="oc-12c">
         <name>.const:.string</name>
         <load_address>0x33794</load_address>
         <run_address>0x33794</run_address>
         <size>0x48</size>
         <input_file_ref idref="fl-41"/>
      </object_component>
      <object_component id="oc-f4">
         <name>.const</name>
         <load_address>0x337dc</load_address>
         <run_address>0x337dc</run_address>
         <size>0x38</size>
         <input_file_ref idref="fl-35"/>
      </object_component>
      <object_component id="oc-12b">
         <name>.const</name>
         <load_address>0x33814</load_address>
         <run_address>0x33814</run_address>
         <size>0x18</size>
         <input_file_ref idref="fl-41"/>
      </object_component>
      <object_component id="oc-15d">
         <name>.const</name>
         <load_address>0x3382c</load_address>
         <run_address>0x3382c</run_address>
         <size>0x14</size>
         <input_file_ref idref="fl-4d"/>
      </object_component>
      <object_component id="oc-10a">
         <name>.const</name>
         <load_address>0x33840</load_address>
         <run_address>0x33840</run_address>
         <size>0x14</size>
         <input_file_ref idref="fl-3a"/>
      </object_component>
      <object_component id="oc-1b5">
         <name>.const:_initial_approx$1</name>
         <load_address>0x33854</load_address>
         <run_address>0x33854</run_address>
         <size>0x10</size>
         <input_file_ref idref="fl-24"/>
      </object_component>
      <object_component id="oc-154">
         <name>.const</name>
         <load_address>0x33864</load_address>
         <run_address>0x33864</run_address>
         <size>0x10</size>
         <input_file_ref idref="fl-4b"/>
      </object_component>
      <object_component id="oc-105">
         <name>.const</name>
         <load_address>0x33874</load_address>
         <run_address>0x33874</run_address>
         <size>0x10</size>
         <input_file_ref idref="fl-39"/>
      </object_component>
      <object_component id="oc-178">
         <name>.const</name>
         <load_address>0x33884</load_address>
         <run_address>0x33884</run_address>
         <size>0xc</size>
         <input_file_ref idref="fl-53"/>
      </object_component>
      <object_component id="oc-117">
         <name>.const</name>
         <load_address>0x33890</load_address>
         <run_address>0x33890</run_address>
         <size>0x8</size>
         <input_file_ref idref="fl-3d"/>
      </object_component>
      <object_component id="oc-14b">
         <name>.const:.string</name>
         <load_address>0x33898</load_address>
         <run_address>0x33898</run_address>
         <size>0x4</size>
         <input_file_ref idref="fl-49"/>
      </object_component>
      <object_component id="oc-45">
         <name>.const</name>
         <load_address>0x3389c</load_address>
         <run_address>0x3389c</run_address>
         <size>0x4</size>
         <input_file_ref idref="fl-b"/>
      </object_component>
      <object_component id="oc-d0">
         <name>.const</name>
         <load_address>0x338a0</load_address>
         <run_address>0x338a0</run_address>
         <size>0x4</size>
         <input_file_ref idref="fl-2d"/>
      </object_component>
      <object_component id="oc-d9">
         <name>.const</name>
         <load_address>0x338a4</load_address>
         <run_address>0x338a4</run_address>
         <size>0x4</size>
         <input_file_ref idref="fl-2f"/>
      </object_component>
      <object_component id="oc-182">
         <name>.cio</name>
         <uninitialized>true</uninitialized>
         <run_address>0xcff0</run_address>
         <size>0x240</size>
         <input_file_ref idref="fl-55"/>
      </object_component>
      <object_component id="oc-1b3">
         <name>.switch:_NtoC</name>
         <load_address>0xd230</load_address>
         <run_address>0xd230</run_address>
         <size>0x28</size>
         <input_file_ref idref="fl-17"/>
      </object_component>
      <object_component id="oc-1b1">
         <name>.switch:_PrintClock</name>
         <load_address>0xd258</load_address>
         <run_address>0xd258</run_address>
         <size>0x28</size>
         <input_file_ref idref="fl-f"/>
      </object_component>
      <object_component id="oc-16">
         <name>.debug_info</name>
         <load_address>0x0</load_address>
         <run_address>0x0</run_address>
         <size>0x47e</size>
         <input_file_ref idref="fl-2"/>
      </object_component>
      <object_component id="oc-1a">
         <name>.debug_info</name>
         <load_address>0x47e</load_address>
         <run_address>0x47e</run_address>
         <size>0xb2</size>
         <input_file_ref idref="fl-3"/>
      </object_component>
      <object_component id="oc-1f">
         <name>.debug_info</name>
         <load_address>0x530</load_address>
         <run_address>0x530</run_address>
         <size>0xbc</size>
         <input_file_ref idref="fl-4"/>
      </object_component>
      <object_component id="oc-24">
         <name>.debug_info</name>
         <load_address>0x5ec</load_address>
         <run_address>0x5ec</run_address>
         <size>0xb2c</size>
         <input_file_ref idref="fl-5"/>
      </object_component>
      <object_component id="oc-2b">
         <name>.debug_info</name>
         <load_address>0x1118</load_address>
         <run_address>0x1118</run_address>
         <size>0x62c</size>
         <input_file_ref idref="fl-6"/>
      </object_component>
      <object_component id="oc-30">
         <name>.debug_info</name>
         <load_address>0x1744</load_address>
         <run_address>0x1744</run_address>
         <size>0x7b6</size>
         <input_file_ref idref="fl-7"/>
      </object_component>
      <object_component id="oc-35">
         <name>.debug_info</name>
         <load_address>0x1efa</load_address>
         <run_address>0x1efa</run_address>
         <size>0xae</size>
         <input_file_ref idref="fl-8"/>
      </object_component>
      <object_component id="oc-3a">
         <name>.debug_info</name>
         <load_address>0x1fa8</load_address>
         <run_address>0x1fa8</run_address>
         <size>0x6ba</size>
         <input_file_ref idref="fl-9"/>
      </object_component>
      <object_component id="oc-40">
         <name>.debug_info</name>
         <load_address>0x2662</load_address>
         <run_address>0x2662</run_address>
         <size>0x313</size>
         <input_file_ref idref="fl-a"/>
      </object_component>
      <object_component id="oc-44">
         <name>.debug_info</name>
         <load_address>0x2975</load_address>
         <run_address>0x2975</run_address>
         <size>0x79c</size>
         <input_file_ref idref="fl-b"/>
      </object_component>
      <object_component id="oc-4a">
         <name>.debug_info</name>
         <load_address>0x3111</load_address>
         <run_address>0x3111</run_address>
         <size>0xb9</size>
         <input_file_ref idref="fl-c"/>
      </object_component>
      <object_component id="oc-4e">
         <name>.debug_info</name>
         <load_address>0x31ca</load_address>
         <run_address>0x31ca</run_address>
         <size>0xb7</size>
         <input_file_ref idref="fl-d"/>
      </object_component>
      <object_component id="oc-51">
         <name>.debug_info</name>
         <load_address>0x3281</load_address>
         <run_address>0x3281</run_address>
         <size>0x461</size>
         <input_file_ref idref="fl-e"/>
      </object_component>
      <object_component id="oc-55">
         <name>.debug_info</name>
         <load_address>0x36e2</load_address>
         <run_address>0x36e2</run_address>
         <size>0x14cca</size>
         <input_file_ref idref="fl-f"/>
      </object_component>
      <object_component id="oc-61">
         <name>.debug_info</name>
         <load_address>0x183ac</load_address>
         <run_address>0x183ac</run_address>
         <size>0xb4</size>
         <input_file_ref idref="fl-10"/>
      </object_component>
      <object_component id="oc-65">
         <name>.debug_info</name>
         <load_address>0x18460</load_address>
         <run_address>0x18460</run_address>
         <size>0xb3</size>
         <input_file_ref idref="fl-11"/>
      </object_component>
      <object_component id="oc-69">
         <name>.debug_info</name>
         <load_address>0x18513</load_address>
         <run_address>0x18513</run_address>
         <size>0x1ac3</size>
         <input_file_ref idref="fl-12"/>
      </object_component>
      <object_component id="oc-6f">
         <name>.debug_info</name>
         <load_address>0x19fd6</load_address>
         <run_address>0x19fd6</run_address>
         <size>0x2626</size>
         <input_file_ref idref="fl-13"/>
      </object_component>
      <object_component id="oc-73">
         <name>.debug_info</name>
         <load_address>0x1c5fc</load_address>
         <run_address>0x1c5fc</run_address>
         <size>0x467</size>
         <input_file_ref idref="fl-14"/>
      </object_component>
      <object_component id="oc-76">
         <name>.debug_info</name>
         <load_address>0x1ca63</load_address>
         <run_address>0x1ca63</run_address>
         <size>0xb2</size>
         <input_file_ref idref="fl-15"/>
      </object_component>
      <object_component id="oc-7a">
         <name>.debug_info</name>
         <load_address>0x1cb15</load_address>
         <run_address>0x1cb15</run_address>
         <size>0x49b</size>
         <input_file_ref idref="fl-16"/>
      </object_component>
      <object_component id="oc-7e">
         <name>.debug_info</name>
         <load_address>0x1cfb0</load_address>
         <run_address>0x1cfb0</run_address>
         <size>0x721</size>
         <input_file_ref idref="fl-17"/>
      </object_component>
      <object_component id="oc-85">
         <name>.debug_info</name>
         <load_address>0x1d6d1</load_address>
         <run_address>0x1d6d1</run_address>
         <size>0x85a</size>
         <input_file_ref idref="fl-18"/>
      </object_component>
      <object_component id="oc-8b">
         <name>.debug_info</name>
         <load_address>0x1df2b</load_address>
         <run_address>0x1df2b</run_address>
         <size>0x540</size>
         <input_file_ref idref="fl-19"/>
      </object_component>
      <object_component id="oc-92">
         <name>.debug_info</name>
         <load_address>0x1e46b</load_address>
         <run_address>0x1e46b</run_address>
         <size>0x659</size>
         <input_file_ref idref="fl-1b"/>
      </object_component>
      <object_component id="oc-97">
         <name>.debug_info</name>
         <load_address>0x1eac4</load_address>
         <run_address>0x1eac4</run_address>
         <size>0xda</size>
         <input_file_ref idref="fl-1c"/>
      </object_component>
      <object_component id="oc-9b">
         <name>.debug_info</name>
         <load_address>0x1eb9e</load_address>
         <run_address>0x1eb9e</run_address>
         <size>0x5ab</size>
         <input_file_ref idref="fl-21"/>
      </object_component>
      <object_component id="oc-a0">
         <name>.debug_info</name>
         <load_address>0x1f149</load_address>
         <run_address>0x1f149</run_address>
         <size>0xe8</size>
         <input_file_ref idref="fl-22"/>
      </object_component>
      <object_component id="oc-a4">
         <name>.debug_info</name>
         <load_address>0x1f231</load_address>
         <run_address>0x1f231</run_address>
         <size>0x81f</size>
         <input_file_ref idref="fl-23"/>
      </object_component>
      <object_component id="oc-a8">
         <name>.debug_info</name>
         <load_address>0x1fa50</load_address>
         <run_address>0x1fa50</run_address>
         <size>0x7e8</size>
         <input_file_ref idref="fl-24"/>
      </object_component>
      <object_component id="oc-ac">
         <name>.debug_info</name>
         <load_address>0x20238</load_address>
         <run_address>0x20238</run_address>
         <size>0x4f2</size>
         <input_file_ref idref="fl-25"/>
      </object_component>
      <object_component id="oc-b0">
         <name>.debug_info</name>
         <load_address>0x2072a</load_address>
         <run_address>0x2072a</run_address>
         <size>0x534</size>
         <input_file_ref idref="fl-26"/>
      </object_component>
      <object_component id="oc-b5">
         <name>.debug_info</name>
         <load_address>0x20c5e</load_address>
         <run_address>0x20c5e</run_address>
         <size>0x5fb</size>
         <input_file_ref idref="fl-27"/>
      </object_component>
      <object_component id="oc-bb">
         <name>.debug_info</name>
         <load_address>0x21259</load_address>
         <run_address>0x21259</run_address>
         <size>0x4cf</size>
         <input_file_ref idref="fl-28"/>
      </object_component>
      <object_component id="oc-bf">
         <name>.debug_info</name>
         <load_address>0x21728</load_address>
         <run_address>0x21728</run_address>
         <size>0x534</size>
         <input_file_ref idref="fl-29"/>
      </object_component>
      <object_component id="oc-c3">
         <name>.debug_info</name>
         <load_address>0x21c5c</load_address>
         <run_address>0x21c5c</run_address>
         <size>0x4cf</size>
         <input_file_ref idref="fl-2a"/>
      </object_component>
      <object_component id="oc-c7">
         <name>.debug_info</name>
         <load_address>0x2212b</load_address>
         <run_address>0x2212b</run_address>
         <size>0x534</size>
         <input_file_ref idref="fl-2b"/>
      </object_component>
      <object_component id="oc-cb">
         <name>.debug_info</name>
         <load_address>0x2265f</load_address>
         <run_address>0x2265f</run_address>
         <size>0x4cf</size>
         <input_file_ref idref="fl-2c"/>
      </object_component>
      <object_component id="oc-cf">
         <name>.debug_info</name>
         <load_address>0x22b2e</load_address>
         <run_address>0x22b2e</run_address>
         <size>0x549</size>
         <input_file_ref idref="fl-2d"/>
      </object_component>
      <object_component id="oc-d4">
         <name>.debug_info</name>
         <load_address>0x23077</load_address>
         <run_address>0x23077</run_address>
         <size>0x4cf</size>
         <input_file_ref idref="fl-2e"/>
      </object_component>
      <object_component id="oc-d8">
         <name>.debug_info</name>
         <load_address>0x23546</load_address>
         <run_address>0x23546</run_address>
         <size>0x549</size>
         <input_file_ref idref="fl-2f"/>
      </object_component>
      <object_component id="oc-dd">
         <name>.debug_info</name>
         <load_address>0x23a8f</load_address>
         <run_address>0x23a8f</run_address>
         <size>0x53e</size>
         <input_file_ref idref="fl-30"/>
      </object_component>
      <object_component id="oc-e1">
         <name>.debug_info</name>
         <load_address>0x23fcd</load_address>
         <run_address>0x23fcd</run_address>
         <size>0xeb</size>
         <input_file_ref idref="fl-31"/>
      </object_component>
      <object_component id="oc-e5">
         <name>.debug_info</name>
         <load_address>0x240b8</load_address>
         <run_address>0x240b8</run_address>
         <size>0xbd</size>
         <input_file_ref idref="fl-32"/>
      </object_component>
      <object_component id="oc-e9">
         <name>.debug_info</name>
         <load_address>0x24175</load_address>
         <run_address>0x24175</run_address>
         <size>0x55b</size>
         <input_file_ref idref="fl-33"/>
      </object_component>
      <object_component id="oc-ed">
         <name>.debug_info</name>
         <load_address>0x246d0</load_address>
         <run_address>0x246d0</run_address>
         <size>0x4b7</size>
         <input_file_ref idref="fl-34"/>
      </object_component>
      <object_component id="oc-f2">
         <name>.debug_info</name>
         <load_address>0x24b87</load_address>
         <run_address>0x24b87</run_address>
         <size>0xaed</size>
         <input_file_ref idref="fl-35"/>
      </object_component>
      <object_component id="oc-f8">
         <name>.debug_info</name>
         <load_address>0x25674</load_address>
         <run_address>0x25674</run_address>
         <size>0x76c</size>
         <input_file_ref idref="fl-36"/>
      </object_component>
      <object_component id="oc-fc">
         <name>.debug_info</name>
         <load_address>0x25de0</load_address>
         <run_address>0x25de0</run_address>
         <size>0x4f2</size>
         <input_file_ref idref="fl-37"/>
      </object_component>
      <object_component id="oc-100">
         <name>.debug_info</name>
         <load_address>0x262d2</load_address>
         <run_address>0x262d2</run_address>
         <size>0x534</size>
         <input_file_ref idref="fl-38"/>
      </object_component>
      <object_component id="oc-104">
         <name>.debug_info</name>
         <load_address>0x26806</load_address>
         <run_address>0x26806</run_address>
         <size>0x52e</size>
         <input_file_ref idref="fl-39"/>
      </object_component>
      <object_component id="oc-109">
         <name>.debug_info</name>
         <load_address>0x26d34</load_address>
         <run_address>0x26d34</run_address>
         <size>0x7fc</size>
         <input_file_ref idref="fl-3a"/>
      </object_component>
      <object_component id="oc-10e">
         <name>.debug_info</name>
         <load_address>0x27530</load_address>
         <run_address>0x27530</run_address>
         <size>0x589</size>
         <input_file_ref idref="fl-3b"/>
      </object_component>
      <object_component id="oc-112">
         <name>.debug_info</name>
         <load_address>0x27ab9</load_address>
         <run_address>0x27ab9</run_address>
         <size>0x4de</size>
         <input_file_ref idref="fl-3c"/>
      </object_component>
      <object_component id="oc-116">
         <name>.debug_info</name>
         <load_address>0x27f97</load_address>
         <run_address>0x27f97</run_address>
         <size>0x521</size>
         <input_file_ref idref="fl-3d"/>
      </object_component>
      <object_component id="oc-11b">
         <name>.debug_info</name>
         <load_address>0x284b8</load_address>
         <run_address>0x284b8</run_address>
         <size>0xef</size>
         <input_file_ref idref="fl-3e"/>
      </object_component>
      <object_component id="oc-120">
         <name>.debug_info</name>
         <load_address>0x285a7</load_address>
         <run_address>0x285a7</run_address>
         <size>0xbc</size>
         <input_file_ref idref="fl-3f"/>
      </object_component>
      <object_component id="oc-125">
         <name>.debug_info</name>
         <load_address>0x28663</load_address>
         <run_address>0x28663</run_address>
         <size>0x5bc</size>
         <input_file_ref idref="fl-40"/>
      </object_component>
      <object_component id="oc-12a">
         <name>.debug_info</name>
         <load_address>0x28c1f</load_address>
         <run_address>0x28c1f</run_address>
         <size>0x27bd</size>
         <input_file_ref idref="fl-41"/>
      </object_component>
      <object_component id="oc-130">
         <name>.debug_info</name>
         <load_address>0x2b3dc</load_address>
         <run_address>0x2b3dc</run_address>
         <size>0x586</size>
         <input_file_ref idref="fl-42"/>
      </object_component>
      <object_component id="oc-134">
         <name>.debug_info</name>
         <load_address>0x2b962</load_address>
         <run_address>0x2b962</run_address>
         <size>0x5a4</size>
         <input_file_ref idref="fl-43"/>
      </object_component>
      <object_component id="oc-138">
         <name>.debug_info</name>
         <load_address>0x2bf06</load_address>
         <run_address>0x2bf06</run_address>
         <size>0xcd</size>
         <input_file_ref idref="fl-44"/>
      </object_component>
      <object_component id="oc-13b">
         <name>.debug_info</name>
         <load_address>0x2bfd3</load_address>
         <run_address>0x2bfd3</run_address>
         <size>0x498</size>
         <input_file_ref idref="fl-45"/>
      </object_component>
      <object_component id="oc-13e">
         <name>.debug_info</name>
         <load_address>0x2c46b</load_address>
         <run_address>0x2c46b</run_address>
         <size>0x57e</size>
         <input_file_ref idref="fl-46"/>
      </object_component>
      <object_component id="oc-142">
         <name>.debug_info</name>
         <load_address>0x2c9e9</load_address>
         <run_address>0x2c9e9</run_address>
         <size>0x47b</size>
         <input_file_ref idref="fl-47"/>
      </object_component>
      <object_component id="oc-146">
         <name>.debug_info</name>
         <load_address>0x2ce64</load_address>
         <run_address>0x2ce64</run_address>
         <size>0x6aa</size>
         <input_file_ref idref="fl-48"/>
      </object_component>
      <object_component id="oc-14a">
         <name>.debug_info</name>
         <load_address>0x2d50e</load_address>
         <run_address>0x2d50e</run_address>
         <size>0x942</size>
         <input_file_ref idref="fl-49"/>
      </object_component>
      <object_component id="oc-14f">
         <name>.debug_info</name>
         <load_address>0x2de50</load_address>
         <run_address>0x2de50</run_address>
         <size>0x4d2</size>
         <input_file_ref idref="fl-4a"/>
      </object_component>
      <object_component id="oc-153">
         <name>.debug_info</name>
         <load_address>0x2e322</load_address>
         <run_address>0x2e322</run_address>
         <size>0x518</size>
         <input_file_ref idref="fl-4b"/>
      </object_component>
      <object_component id="oc-158">
         <name>.debug_info</name>
         <load_address>0x2e83a</load_address>
         <run_address>0x2e83a</run_address>
         <size>0x680</size>
         <input_file_ref idref="fl-4c"/>
      </object_component>
      <object_component id="oc-15c">
         <name>.debug_info</name>
         <load_address>0x2eeba</load_address>
         <run_address>0x2eeba</run_address>
         <size>0x50e</size>
         <input_file_ref idref="fl-4d"/>
      </object_component>
      <object_component id="oc-161">
         <name>.debug_info</name>
         <load_address>0x2f3c8</load_address>
         <run_address>0x2f3c8</run_address>
         <size>0x7d4</size>
         <input_file_ref idref="fl-4e"/>
      </object_component>
      <object_component id="oc-166">
         <name>.debug_info</name>
         <load_address>0x2fb9c</load_address>
         <run_address>0x2fb9c</run_address>
         <size>0x144b</size>
         <input_file_ref idref="fl-4f"/>
      </object_component>
      <object_component id="oc-16b">
         <name>.debug_info</name>
         <load_address>0x30fe7</load_address>
         <run_address>0x30fe7</run_address>
         <size>0x5ad</size>
         <input_file_ref idref="fl-50"/>
      </object_component>
      <object_component id="oc-16f">
         <name>.debug_info</name>
         <load_address>0x31594</load_address>
         <run_address>0x31594</run_address>
         <size>0x574</size>
         <input_file_ref idref="fl-51"/>
      </object_component>
      <object_component id="oc-173">
         <name>.debug_info</name>
         <load_address>0x31b08</load_address>
         <run_address>0x31b08</run_address>
         <size>0xd1</size>
         <input_file_ref idref="fl-52"/>
      </object_component>
      <object_component id="oc-177">
         <name>.debug_info</name>
         <load_address>0x31bd9</load_address>
         <run_address>0x31bd9</run_address>
         <size>0x50c</size>
         <input_file_ref idref="fl-53"/>
      </object_component>
      <object_component id="oc-17d">
         <name>.debug_info</name>
         <load_address>0x320e5</load_address>
         <run_address>0x320e5</run_address>
         <size>0xed4</size>
         <input_file_ref idref="fl-54"/>
      </object_component>
      <object_component id="oc-181">
         <name>.debug_info</name>
         <load_address>0x32fb9</load_address>
         <run_address>0x32fb9</run_address>
         <size>0x744</size>
         <input_file_ref idref="fl-55"/>
      </object_component>
      <object_component id="oc-187">
         <name>.debug_info</name>
         <load_address>0x336fd</load_address>
         <run_address>0x336fd</run_address>
         <size>0x662</size>
         <input_file_ref idref="fl-56"/>
      </object_component>
      <object_component id="oc-18b">
         <name>.debug_info</name>
         <load_address>0x33d5f</load_address>
         <run_address>0x33d5f</run_address>
         <size>0x706</size>
         <input_file_ref idref="fl-57"/>
      </object_component>
      <object_component id="oc-18f">
         <name>.debug_info</name>
         <load_address>0x34465</load_address>
         <run_address>0x34465</run_address>
         <size>0x5f7</size>
         <input_file_ref idref="fl-58"/>
      </object_component>
      <object_component id="oc-193">
         <name>.debug_info</name>
         <load_address>0x34a5c</load_address>
         <run_address>0x34a5c</run_address>
         <size>0x64a</size>
         <input_file_ref idref="fl-59"/>
      </object_component>
      <object_component id="oc-198">
         <name>.debug_info</name>
         <load_address>0x350a6</load_address>
         <run_address>0x350a6</run_address>
         <size>0xa1c</size>
         <input_file_ref idref="fl-5a"/>
      </object_component>
      <object_component id="oc-19e">
         <name>.debug_info</name>
         <load_address>0x35ac2</load_address>
         <run_address>0x35ac2</run_address>
         <size>0xba5</size>
         <input_file_ref idref="fl-5b"/>
      </object_component>
      <object_component id="oc-1a4">
         <name>.debug_info</name>
         <load_address>0x36667</load_address>
         <run_address>0x36667</run_address>
         <size>0x64f</size>
         <input_file_ref idref="fl-5c"/>
      </object_component>
      <object_component id="oc-1a8">
         <name>.debug_info</name>
         <load_address>0x36cb6</load_address>
         <run_address>0x36cb6</run_address>
         <size>0x510</size>
         <input_file_ref idref="fl-5d"/>
      </object_component>
      <object_component id="oc-1dc">
         <name>.debug_info</name>
         <load_address>0x371c6</load_address>
         <run_address>0x371c6</run_address>
         <size>0x6e</size>
      </object_component>
      <object_component id="oc-17">
         <name>.debug_line</name>
         <load_address>0x0</load_address>
         <run_address>0x0</run_address>
         <size>0x11b</size>
         <input_file_ref idref="fl-2"/>
      </object_component>
      <object_component id="oc-1b">
         <name>.debug_line</name>
         <load_address>0x11b</load_address>
         <run_address>0x11b</run_address>
         <size>0x8e</size>
         <input_file_ref idref="fl-3"/>
      </object_component>
      <object_component id="oc-20">
         <name>.debug_line</name>
         <load_address>0x1a9</load_address>
         <run_address>0x1a9</run_address>
         <size>0x10c</size>
         <input_file_ref idref="fl-4"/>
      </object_component>
      <object_component id="oc-28">
         <name>.debug_line</name>
         <load_address>0x2b5</load_address>
         <run_address>0x2b5</run_address>
         <size>0x1b8</size>
         <input_file_ref idref="fl-5"/>
      </object_component>
      <object_component id="oc-2d">
         <name>.debug_line</name>
         <load_address>0x46d</load_address>
         <run_address>0x46d</run_address>
         <size>0x7d</size>
         <input_file_ref idref="fl-6"/>
      </object_component>
      <object_component id="oc-32">
         <name>.debug_line</name>
         <load_address>0x4ea</load_address>
         <run_address>0x4ea</run_address>
         <size>0xd8</size>
         <input_file_ref idref="fl-7"/>
      </object_component>
      <object_component id="oc-36">
         <name>.debug_line</name>
         <load_address>0x5c2</load_address>
         <run_address>0x5c2</run_address>
         <size>0x54</size>
         <input_file_ref idref="fl-8"/>
      </object_component>
      <object_component id="oc-3d">
         <name>.debug_line</name>
[...]
         <object_component_ref idref="oc-91"/>
      </symbol>
      <symbol id="sm-a8a">
         <name>_USBSTK5515_waitusec</name>
         <value>0x23907</value>
         <object_component_ref idref="oc-91"/>
      </symbol>
      <symbol id="sm-ab8">
         <name>reset_isr</name>
         <value>0x23b84</value>
         <object_component_ref idref="oc-14"/>
      </symbol>
      <symbol id="sm-ab9">
         <name>_RST</name>
         <value>0xd300</value>
         <object_component_ref idref="oc-96"/>
      </symbol>
      <symbol id="sm-ac3">
         <name>__addd</name>
         <value>0x215a9</value>
         <object_component_ref idref="oc-9a"/>
      </symbol>
      <symbol id="sm-acf">
         <name>__sysstack</name>
         <value>0xcc08</value>
         <object_component_ref idref="oc-1b4"/>
      </symbol>
      <symbol id="sm-ad0">
         <name>_c_int00</name>
         <value>0x23c40</value>
         <object_component_ref idref="oc-9e"/>
      </symbol>
      <symbol id="sm-ad1">
         <name>__stack</name>
         <value>0xc820</value>
         <object_component_ref idref="oc-9f"/>
      </symbol>
      <symbol id="sm-adb">
         <name>__eqld</name>
         <value>0x21d4a</value>
         <object_component_ref idref="oc-a3"/>
      </symbol>
      <symbol id="sm-adc">
         <name>__cmpd</name>
         <value>0x21d7e</value>
         <object_component_ref idref="oc-a3"/>
      </symbol>
      <symbol id="sm-add">
         <name>__neqd</name>
         <value>0x21bec</value>
         <object_component_ref idref="oc-a3"/>
      </symbol>
      <symbol id="sm-ade">
         <name>__gtrd</name>
         <value>0x21cb5</value>
         <object_component_ref idref="oc-a3"/>
      </symbol>
      <symbol id="sm-adf">
         <name>__geqd</name>
         <value>0x21d00</value>
         <object_component_ref idref="oc-a3"/>
      </symbol>
      <symbol id="sm-ae0">
         <name>__leqd</name>
         <value>0x21c68</value>
         <object_component_ref idref="oc-a3"/>
      </symbol>
      <symbol id="sm-ae1">
         <name>__lssd</name>
         <value>0x21c20</value>
         <object_component_ref idref="oc-a3"/>
      </symbol>
      <symbol id="sm-aed">
         <name>__divd</name>
         <value>0x207fd</value>
         <object_component_ref idref="oc-a7"/>
      </symbol>
      <symbol id="sm-af7">
         <name>__divli</name>
         <value>0x23af9</value>
         <object_component_ref idref="oc-ab"/>
      </symbol>
      <symbol id="sm-b02">
         <name>__divul</name>
         <value>0x23118</value>
         <object_component_ref idref="oc-af"/>
      </symbol>
      <symbol id="sm-b12">
         <name>C$$EXIT</name>
         <value>0x23e2e</value>
         <object_component_ref idref="oc-b7"/>
      </symbol>
      <symbol id="sm-b13">
         <name>_exit</name>
         <value>0x23bc6</value>
         <object_component_ref idref="oc-b3"/>
      </symbol>
      <symbol id="sm-b14">
         <name>_abort</name>
         <value>0x23e2d</value>
         <object_component_ref idref="oc-b7"/>
      </symbol>
      <symbol id="sm-b15">
         <name>__cleanup_ptr</name>
         <value>0x9f6c</value>
         <object_component_ref idref="oc-b4"/>
      </symbol>
      <symbol id="sm-b16">
         <name>__dtors_ptr</name>
         <value>0x9f70</value>
         <object_component_ref idref="oc-b4"/>
      </symbol>
      <symbol id="sm-b20">
         <name>__fixdi</name>
         <value>0x23cd6</value>
         <object_component_ref idref="oc-ba"/>
      </symbol>
      <symbol id="sm-b2a">
         <name>__fixdli</name>
         <value>0x23502</value>
         <object_component_ref idref="oc-be"/>
      </symbol>
      <symbol id="sm-b34">
         <name>__fixdu</name>
         <value>0x23d76</value>
         <object_component_ref idref="oc-c2"/>
      </symbol>
      <symbol id="sm-b3e">
         <name>__fixdul</name>
         <value>0x23333</value>
         <object_component_ref idref="oc-c6"/>
      </symbol>
      <symbol id="sm-b48">
         <name>__fltid</name>
         <value>0x23e17</value>
         <object_component_ref idref="oc-ca"/>
      </symbol>
      <symbol id="sm-b54">
         <name>__fltlid</name>
         <value>0x236ae</value>
         <object_component_ref idref="oc-ce"/>
      </symbol>
      <symbol id="sm-b5e">
         <name>__fltud</name>
         <value>0x23e09</value>
         <object_component_ref idref="oc-d3"/>
      </symbol>
      <symbol id="sm-b6a">
         <name>__fltuld</name>
         <value>0x23775</value>
         <object_component_ref idref="oc-d7"/>
      </symbol>
      <symbol id="sm-b74">
         <name>__frcmpyd_div</name>
         <value>0x2341f</value>
         <object_component_ref idref="oc-dc"/>
      </symbol>
      <symbol id="sm-b7c">
         <name>__remi</name>
         <value>0x23c23</value>
         <object_component_ref idref="oc-e0"/>
      </symbol>
      <symbol id="sm-b7d">
         <name>__divi</name>
         <value>0x23c04</value>
         <object_component_ref idref="oc-e0"/>
      </symbol>
      <symbol id="sm-b7e">
         <name>I$$MOD</name>
         <value>0x23c23</value>
         <object_component_ref idref="oc-e0"/>
      </symbol>
      <symbol id="sm-b7f">
         <name>I$$DIV</name>
         <value>0x23c04</value>
         <object_component_ref idref="oc-e0"/>
      </symbol>
      <symbol id="sm-b87">
         <name>__mpyli</name>
         <value>0x23dd4</value>
         <object_component_ref idref="oc-e4"/>
      </symbol>
      <symbol id="sm-b88">
         <name>I$$LMPY</name>
         <value>0x23dd4</value>
         <object_component_ref idref="oc-e4"/>
      </symbol>
      <symbol id="sm-b92">
         <name>__mpyd</name>
         <value>0x22273</value>
         <object_component_ref idref="oc-e8"/>
      </symbol>
      <symbol id="sm-b9c">
         <name>__negd</name>
         <value>0x23df9</value>
         <object_component_ref idref="oc-ec"/>
      </symbol>
      <symbol id="sm-bad">
         <name>_pow</name>
         <value>0x1edb0</value>
         <object_component_ref idref="oc-f0"/>
      </symbol>
      <symbol id="sm-bb7">
         <name>_printf</name>
         <value>0x239ca</value>
         <object_component_ref idref="oc-f7"/>
      </symbol>
      <symbol id="sm-bc1">
         <name>__remli</name>
         <value>0x23a65</value>
         <object_component_ref idref="oc-fb"/>
      </symbol>
      <symbol id="sm-bcc">
         <name>__remul</name>
         <value>0x23492</value>
         <object_component_ref idref="oc-ff"/>
      </symbol>
      <symbol id="sm-bd8">
         <name>__nround</name>
         <value>0x23715</value>
         <object_component_ref idref="oc-103"/>
      </symbol>
      <symbol id="sm-be5">
         <name>_sqrt</name>
         <value>0x22627</value>
         <object_component_ref idref="oc-108"/>
      </symbol>
      <symbol id="sm-bef">
         <name>_strlen</name>
         <value>0x23dab</value>
         <object_component_ref idref="oc-10d"/>
      </symbol>
      <symbol id="sm-bf9">
         <name>__subd</name>
         <value>0x23dc0</value>
         <object_component_ref idref="oc-111"/>
      </symbol>
      <symbol id="sm-c05">
         <name>__trunc</name>
         <value>0x23b41</value>
         <object_component_ref idref="oc-115"/>
      </symbol>
      <symbol id="sm-c0d">
         <name>__remu</name>
         <value>0x23d15</value>
         <object_component_ref idref="oc-11a"/>
      </symbol>
      <symbol id="sm-c0e">
         <name>__divu</name>
         <value>0x23d00</value>
         <object_component_ref idref="oc-11a"/>
      </symbol>
      <symbol id="sm-c0f">
         <name>I$$UMOD</name>
         <value>0x23d15</value>
         <object_component_ref idref="oc-11a"/>
      </symbol>
      <symbol id="sm-c10">
         <name>I$$UDIV</name>
         <value>0x23d00</value>
         <object_component_ref idref="oc-11a"/>
      </symbol>
      <symbol id="sm-c1a">
         <name>_Reset</name>
         <value>0xf980</value>
         <object_component_ref idref="oc-11f"/>
      </symbol>
      <symbol id="sm-c28">
         <name>__unlock</name>
         <value>0x9f68</value>
         <object_component_ref idref="oc-124"/>
      </symbol>
      <symbol id="sm-c29">
         <name>__lock</name>
         <value>0x9f64</value>
         <object_component_ref idref="oc-124"/>
      </symbol>
      <symbol id="sm-c2a">
         <name>__register_lock</name>
         <value>0x23def</value>
         <object_component_ref idref="oc-123"/>
      </symbol>
      <symbol id="sm-c2b">
         <name>__nop</name>
         <value>0x23df7</value>
         <object_component_ref idref="oc-123"/>
      </symbol>
      <symbol id="sm-c2c">
         <name>__register_unlock</name>
         <value>0x23de7</value>
         <object_component_ref idref="oc-123"/>
      </symbol>
      <symbol id="sm-c3e">
         <name>__printfi</name>
         <value>0x1e5c0</value>
         <object_component_ref idref="oc-129"/>
      </symbol>
      <symbol id="sm-c48">
         <name>__args_main</name>
         <value>0x23ab0</value>
         <object_component_ref idref="oc-12f"/>
      </symbol>
      <symbol id="sm-c49">
         <name>__TI_args_main</name>
         <value>0x1</value>
      </symbol>
      <symbol id="sm-c53">
         <name>_atoi</name>
         <value>0x237d0</value>
         <object_component_ref idref="oc-133"/>
      </symbol>
      <symbol id="sm-c5b">
         <name>_auto_init</name>
         <value>0x23a18</value>
         <object_component_ref idref="oc-137"/>
      </symbol>
      <symbol id="sm-c63">
         <name>__ctypes_</name>
         <value>0x33312</value>
         <object_component_ref idref="oc-1b6"/>
      </symbol>
      <symbol id="sm-c6d">
         <name>__tmpnams</name>
         <value>0x9a8c</value>
         <object_component_ref idref="oc-13d"/>
      </symbol>
      <symbol id="sm-c6e">
         <name>__ft_end</name>
         <value>0x9bcc</value>
         <object_component_ref idref="oc-13d"/>
      </symbol>
      <symbol id="sm-c6f">
         <name>__ftable</name>
         <value>0x999c</value>
         <object_component_ref idref="oc-13d"/>
      </symbol>
      <symbol id="sm-c79">
         <name>_errno</name>
         <value>0x9d6e</value>
         <object_component_ref idref="oc-141"/>
      </symbol>
      <symbol id="sm-c83">
         <name>_putchar</name>
         <value>0x23109</value>
         <object_component_ref idref="oc-145"/>
      </symbol>
      <symbol id="sm-c84">
         <name>_putc</name>
         <value>0x23076</value>
         <object_component_ref idref="oc-145"/>
      </symbol>
      <symbol id="sm-c85">
         <name>_fputc</name>
         <value>0x23076</value>
         <object_component_ref idref="oc-145"/>
      </symbol>
      <symbol id="sm-c91">
         <name>_puts</name>
         <value>0x220e3</value>
         <object_component_ref idref="oc-149"/>
      </symbol>
      <symbol id="sm-c92">
         <name>_fputs</name>
         <value>0x21f94</value>
         <object_component_ref idref="oc-149"/>
      </symbol>
      <symbol id="sm-c9c">
         <name>__frcmpyd</name>
         <value>0x233a9</value>
         <object_component_ref idref="oc-14e"/>
      </symbol>
      <symbol id="sm-ca8">
         <name>_frexp</name>
         <value>0x22ccc</value>
         <object_component_ref idref="oc-152"/>
      </symbol>
      <symbol id="sm-cb2">
         <name>___isinf</name>
         <value>0x23d91</value>
         <object_component_ref idref="oc-157"/>
      </symbol>
      <symbol id="sm-cbe">
         <name>_ldexp</name>
         <value>0x22946</value>
         <object_component_ref idref="oc-15b"/>
      </symbol>
      <symbol id="sm-cc8">
         <name>__divull</name>
         <value>0x21481</value>
         <object_component_ref idref="oc-160"/>
      </symbol>
      <symbol id="sm-cc9">
         <name>__mpylli</name>
         <value>0x213ca</value>
         <object_component_ref idref="oc-160"/>
      </symbol>
      <symbol id="sm-cca">
         <name>__remlli</name>
         <value>0x2139b</value>
         <object_component_ref idref="oc-160"/>
      </symbol>
      <symbol id="sm-ccb">
         <name>__divlli</name>
         <value>0x21575</value>
         <object_component_ref idref="oc-160"/>
      </symbol>
      <symbol id="sm-ccc">
         <name>__remull</name>
         <value>0x2134d</value>
         <object_component_ref idref="oc-160"/>
      </symbol>
      <symbol id="sm-cdd">
         <name>_add_device</name>
         <value>0x20715</value>
         <object_component_ref idref="oc-164"/>
      </symbol>
      <symbol id="sm-cde">
         <name>_rename</name>
         <value>0x20446</value>
         <object_component_ref idref="oc-164"/>
      </symbol>
      <symbol id="sm-cdf">
         <name>_read</name>
         <value>0x204d1</value>
         <object_component_ref idref="oc-164"/>
      </symbol>
      <symbol id="sm-ce0">
         <name>_unlink</name>
         <value>0x20412</value>
         <object_component_ref idref="oc-164"/>
      </symbol>
      <symbol id="sm-ce1">
         <name>_remove_device</name>
         <value>0x2049d</value>
         <object_component_ref idref="oc-164"/>
      </symbol>
      <symbol id="sm-ce2">
         <name>_open</name>
         <value>0x2057b</value>
         <object_component_ref idref="oc-164"/>
      </symbol>
      <symbol id="sm-ce3">
         <name>_find_registered_device</name>
         <value>0x2069c</value>
         <object_component_ref idref="oc-164"/>
      </symbol>
      <symbol id="sm-ce4">
         <name>_lseek</name>
         <value>0x20638</value>
         <object_component_ref idref="oc-164"/>
      </symbol>
      <symbol id="sm-ce5">
         <name>_close</name>
         <value>0x206a5</value>
         <object_component_ref idref="oc-164"/>
      </symbol>
      <symbol id="sm-ce6">
         <name>_write</name>
         <value>0x202e5</value>
         <object_component_ref idref="oc-164"/>
      </symbol>
      <symbol id="sm-cf0">
         <name>_ltoa</name>
         <value>0x23244</value>
         <object_component_ref idref="oc-16a"/>
      </symbol>
      <symbol id="sm-cfb">
         <name>_memccpy</name>
         <value>0x23d54</value>
         <object_component_ref idref="oc-16e"/>
      </symbol>
      <symbol id="sm-d05">
         <name>_memcpy</name>
         <value>0x23829</value>
         <object_component_ref idref="oc-172"/>
      </symbol>
      <symbol id="sm-d11">
         <name>_modf</name>
         <value>0x22e55</value>
         <object_component_ref idref="oc-176"/>
      </symbol>
      <symbol id="sm-d1d">
         <name>_HOSTopen</name>
         <value>0x1f66c</value>
         <object_component_ref idref="oc-17b"/>
      </symbol>
      <symbol id="sm-d1e">
         <name>_HOSTread</name>
         <value>0x1f5e1</value>
         <object_component_ref idref="oc-17b"/>
      </symbol>
      <symbol id="sm-d1f">
         <name>_HOSTtime</name>
         <value>0x1f4ca</value>
         <object_component_ref idref="oc-17b"/>
      </symbol>
      <symbol id="sm-d20">
         <name>_getenv</name>
         <value>0x1f353</value>
         <object_component_ref idref="oc-17b"/>
      </symbol>
      <symbol id="sm-d21">
         <name>_HOSTrename</name>
         <value>0x1f528</value>
         <object_component_ref idref="oc-17b"/>
      </symbol>
      <symbol id="sm-d22">
         <name>_HOSTclock</name>
         <value>0x1f82d</value>
         <object_component_ref idref="oc-17b"/>
      </symbol>
      <symbol id="sm-d23">
         <name>_HOSTwrite</name>
         <value>0x1f3d3</value>
         <object_component_ref idref="oc-17b"/>
      </symbol>
      <symbol id="sm-d24">
         <name>_HOSTlseek</name>
         <value>0x1f70d</value>
         <object_component_ref idref="oc-17b"/>
      </symbol>
      <symbol id="sm-d25">
         <name>_HOSTunlink</name>
         <value>0x1f45e</value>
         <object_component_ref idref="oc-17b"/>
      </symbol>
      <symbol id="sm-d26">
         <name>_HOSTclose</name>
         <value>0x1f7c2</value>
         <object_component_ref idref="oc-17b"/>
      </symbol>
      <symbol id="sm-d38">
         <name>C$$IO$$</name>
         <value>0x22e50</value>
         <object_component_ref idref="oc-183"/>
      </symbol>
      <symbol id="sm-d39">
         <name>__CIOBUF_</name>
         <value>0xcff0</value>
         <object_component_ref idref="oc-182"/>
      </symbol>
      <symbol id="sm-d3a">
         <name>_readmsg</name>
         <value>0x235db</value>
         <object_component_ref idref="oc-180"/>
      </symbol>
      <symbol id="sm-d3b">
         <name>_writemsg</name>
         <value>0x22d97</value>
         <object_component_ref idref="oc-183"/>
      </symbol>
      <symbol id="sm-d45">
         <name>__rd_ok</name>
         <value>0x22c6f</value>
         <object_component_ref idref="oc-186"/>
      </symbol>
      <symbol id="sm-d46">
         <name>__wrt_ok</name>
         <value>0x22bf2</value>
         <object_component_ref idref="oc-186"/>
      </symbol>
      <symbol id="sm-d50">
         <name>__doflush</name>
         <value>0x22f12</value>
         <object_component_ref idref="oc-18a"/>
      </symbol>
      <symbol id="sm-d51">
         <name>_fflush</name>
         <value>0x22f74</value>
         <object_component_ref idref="oc-18a"/>
      </symbol>
      <symbol id="sm-d5b">
         <name>_fseek</name>
         <value>0x23646</value>
         <object_component_ref idref="oc-18e"/>
      </symbol>
      <symbol id="sm-d65">
         <name>_setvbuf</name>
         <value>0x22853</value>
         <object_component_ref idref="oc-192"/>
      </symbol>
      <symbol id="sm-d74">
         <name>__cleanup</name>
         <value>0x211f6</value>
         <object_component_ref idref="oc-196"/>
      </symbol>
      <symbol id="sm-d75">
         <name>_fopen</name>
         <value>0x21314</value>
         <object_component_ref idref="oc-196"/>
      </symbol>
      <symbol id="sm-d76">
         <name>_freopen</name>
         <value>0x2124e</value>
         <object_component_ref idref="oc-196"/>
      </symbol>
      <symbol id="sm-d86">
         <name>__sys_memory</name>
         <value>0xc41e</value>
         <object_component_ref idref="oc-1a0"/>
      </symbol>
      <symbol id="sm-d87">
         <name>_chkheap</name>
         <value>0x1fd6a</value>
         <object_component_ref idref="oc-19c"/>
      </symbol>
      <symbol id="sm-d88">
         <name>_realloc</name>
         <value>0x1fad0</value>
         <object_component_ref idref="oc-19c"/>
      </symbol>
      <symbol id="sm-d89">
         <name>_free_memory</name>
         <value>0x1fd03</value>
         <object_component_ref idref="oc-19c"/>
      </symbol>
      <symbol id="sm-d8a">
         <name>_max_free</name>
         <value>0x1fc99</value>
         <object_component_ref idref="oc-19c"/>
      </symbol>
      <symbol id="sm-d8b">
         <name>_free</name>
         <value>0x1f88b</value>
         <object_component_ref idref="oc-19c"/>
      </symbol>
      <symbol id="sm-d8c">
         <name>_calloc</name>
         <value>0x1fd72</value>
         <object_component_ref idref="oc-19c"/>
      </symbol>
      <symbol id="sm-d8d">
         <name>_malloc</name>
         <value>0x1f9cf</value>
         <object_component_ref idref="oc-19c"/>
      </symbol>
      <symbol id="sm-d8e">
         <name>_minit</name>
         <value>0x1f95d</value>
         <object_component_ref idref="oc-19c"/>
      </symbol>
      <symbol id="sm-d98">
         <name>_fclose</name>
         <value>0x232bd</value>
         <object_component_ref idref="oc-1a3"/>
      </symbol>
      <symbol id="sm-da2">
         <name>_remove</name>
         <value>0x23e23</value>
         <object_component_ref idref="oc-1a7"/>
      </symbol>
   </symbol_table>
</link_info>
